\BOOKMARK [1][-]{section.1}{\376\377\000\040\137\025\212\000}{}% 1
\BOOKMARK [2][-]{subsection.1.1}{\376\377\000\040\000W\000A\000V\000E\000W\000A\000T\000C\000H\000\040\000I\000I\000I\000\040\136\372\152\041\150\106\147\266}{section.1}% 2
\BOOKMARK [2][-]{subsection.1.2}{\376\377\000\040\121\163\116\216\147\054\142\113\121\214}{section.1}% 3
\BOOKMARK [2][-]{subsection.1.3}{\376\377\000\040\213\270\123\357\147\141\153\076}{section.1}% 4
\BOOKMARK [2][-]{subsection.1.4}{\376\377\000\040\162\110\147\103\124\214\125\106\150\007}{section.1}% 5
\BOOKMARK [2][-]{subsection.1.5}{\376\377\000\040\000W\000A\000V\000E\000W\000A\000T\000C\000H\000\040\000I\000I\000I\000\256\000\040\137\000\123\321\176\304\377\010\000W\000W\0003\000D\000G\377\011}{section.1}% 6
\BOOKMARK [2][-]{subsection.1.6}{\376\377\000\040\201\364\214\042}{section.1}% 7
\BOOKMARK [1][-]{section.2}{\376\377\000\040\143\247\122\066\145\271\172\013}{}% 8
\BOOKMARK [2][-]{subsection.2.1}{\376\377\000\040\137\025\212\000}{section.2}% 9
\BOOKMARK [2][-]{subsection.2.2}{\376\377\000\040\117\040\144\255}{section.2}% 10
\BOOKMARK [2][-]{subsection.2.3}{\376\377\000\040\156\220\230\171}{section.2}% 11
\BOOKMARK [3][-]{subsubsection.2.3.1}{\376\377\000\040\116\000\202\054\151\202\137\365}{subsection.2.3}% 12
\BOOKMARK [3][-]{subsubsection.2.3.2}{\376\377\000\040\000S\000n\000l\377\032\171\273\145\143\166\370\116\222\117\134\165\050\217\321\117\074\377\010\000D\000I\000A\377\011}{subsection.2.3}% 13
\BOOKMARK [3][-]{subsubsection.2.3.3}{\376\377\000\040\000S\000n\000l\377\032\000G\000a\000u\000s\000s\000i\000a\000n\000\040\000Q\000u\000a\000d\000r\000a\000t\000u\000r\000e\000\040\000M\000e\000t\000h\000o\000d\377\010\000D\000I\000A\377\011}{subsection.2.3}% 14
\BOOKMARK [3][-]{subsubsection.2.3.4}{\376\377\000\040\000S\000n\000l\377\032\133\214\145\164\000\040\000B\000o\000l\000t\000z\000m\000a\000n\000n\000\040\171\357\122\006\377\010\000W\000R\000T\377\011}{subsection.2.3}% 15
\BOOKMARK [3][-]{subsubsection.2.3.5}{\376\377\000\040\000S\000n\000l\377\032\136\177\116\111\131\032\221\315\000\040\000D\000I\000A\000\040\377\010\000G\000M\000D\377\011}{subsection.2.3}% 16
\BOOKMARK [3][-]{subsubsection.2.3.6}{\376\377\000\040\000S\000n\000l\377\032\123\314\134\072\136\246\217\321\117\074\377\010\000T\000S\000A\377\011}{subsection.2.3}% 17
\BOOKMARK [3][-]{subsubsection.2.3.7}{\376\377\000\040\000S\000n\000l\377\032\136\177\116\111\122\250\122\233\133\146\145\271\172\013\377\010\000G\000K\000E\377\011}{subsection.2.3}% 18
\BOOKMARK [3][-]{subsubsection.2.3.8}{\376\377\000\040\000S\000n\000l\377\032\227\136\176\277\140\047\156\344\154\342\126\150}{subsection.2.3}% 19
\BOOKMARK [3][-]{subsubsection.2.3.9}{\376\377\000\040\000S\000i\000n\000\040\000+\000\040\000S\000d\000s\377\032\000W\000A\000M\000\040\000c\000y\000c\000l\000e\000\040\0003}{subsection.2.3}% 20
\BOOKMARK [3][-]{subsubsection.2.3.10}{\376\377\000\040\000S\000i\000n\000\040\000+\000\040\000S\000d\000s\377\032\000T\000o\000l\000m\000a\000n\000\040\124\214\000\040\000C\000h\000a\000l\000i\000k\000o\000v\000\040\0001\0009\0009\0006}{subsection.2.3}% 21
\BOOKMARK [3][-]{subsubsection.2.3.11}{\376\377\000\040\000S\000i\000n\000\040\000+\000\040\000S\000d\000s\377\032\000W\000A\000M\000\040\000c\000y\000c\000l\000e\000\040\0004\000\040\000\050\000E\000C\000W\000A\000M\000\051}{subsection.2.3}% 22
\BOOKMARK [3][-]{subsubsection.2.3.12}{\376\377\000\040\000S\000i\000n\000\040\000+\000\040\000S\000d\000s\377\032\127\372\116\216\231\161\124\214\136\246\166\204\200\027\145\143}{subsection.2.3}% 23
\BOOKMARK [3][-]{subsubsection.2.3.13}{\376\377\000\040\000S\000i\000n\000\040\000+\000\040\000S\000d\000s\377\032\000R\000o\000g\000e\000r\000s\000\040\000e\000t\000\040\000a\000l\000.\000\040\0002\0000\0001\0002\000\040\000\046\000\040\000Z\000i\000e\000g\000e\000r\000\040\000e\000t\000\040\000a\000l\000.\000\040\0002\0000\0001\0005}{subsection.2.3}% 24
\BOOKMARK [3][-]{subsubsection.2.3.14}{\376\377\000\040\000S\000l\000n\377\032\000C\000a\000v\000a\000l\000e\000r\000i\000\040\000a\000n\000d\000\040\000M\000a\000l\000a\000n\000o\000t\000t\000e\000-\000R\000i\000z\000z\000o\000l\000i\000\040\0001\0009\0008\0001}{subsection.2.3}% 25
\BOOKMARK [3][-]{subsubsection.2.3.15}{\376\377\000\040\000S\000b\000o\000t\377\032\000J\000O\000N\000S\000W\000A\000P\000\040\136\225\144\151\144\346}{subsection.2.3}% 26
\BOOKMARK [3][-]{subsubsection.2.3.16}{\376\377\000\040\000S\000b\000o\000t\377\032\000S\000H\000O\000W\000E\000X\000\040\136\225\144\151\144\346}{subsection.2.3}% 27
\BOOKMARK [3][-]{subsubsection.2.3.17}{\376\377\000\040\000S\000m\000u\000d\377\032\236\317\140\047\155\156\154\345\200\027\145\143\377\010\000D\000\046\000L\377\011}{subsection.2.3}% 28
\BOOKMARK [3][-]{subsubsection.2.3.18}{\376\377\000\040\000S\000m\000u\000d\377\032\236\317\140\047\155\156\154\345\200\027\145\143\377\010\000N\000g\377\011}{subsection.2.3}% 29
\BOOKMARK [3][-]{subsubsection.2.3.19}{\376\377\000\040\000S\000d\000b\377\032\000B\000a\000t\000t\000j\000e\000s\000\040\000a\000n\000d\000\040\000J\000a\000n\000s\000s\000e\000n\000\040\0001\0009\0007\0008}{subsection.2.3}% 30
\BOOKMARK [3][-]{subsubsection.2.3.20}{\376\377\000\040\000S\000t\000r\377\032\116\011\154\342\227\136\176\277\140\047\166\370\116\222\117\134\165\050\377\010\000L\000T\000A\377\011}{subsection.2.3}% 31
\BOOKMARK [3][-]{subsubsection.2.3.21}{\376\377\000\040\000S\000b\000s\377\032\136\225\220\350\145\143\134\004}{subsection.2.3}% 32
\BOOKMARK [3][-]{subsubsection.2.3.22}{\376\377\000\040\000S\000u\000o\377\032\147\052\211\343\147\220\226\234\170\215\162\151\156\220\230\171}{subsection.2.3}% 33
\BOOKMARK [3][-]{subsubsection.2.3.23}{\376\377\000\040\000S\000x\000x\377\032\165\050\142\067\133\232\116\111}{subsection.2.3}% 34
\BOOKMARK [2][-]{subsection.2.4}{\376\377\000\040\154\342\000-\121\260\166\370\116\222\117\134\165\050\166\204\156\220\230\171}{section.2}% 35
\BOOKMARK [3][-]{subsubsection.2.4.1}{\376\377\000\040\000S\000i\000c\000e\377\032\155\167\121\260\226\073\134\074\377\010\173\200\123\125\145\271\154\325\377\011}{subsection.2.4}% 36
\BOOKMARK [3][-]{subsubsection.2.4.2}{\376\377\000\040\000S\000i\000c\000e\377\032\155\167\121\260\226\073\134\074\377\010\000L\000i\000u\000\040\000e\000t\000\040\000a\000l\000.\377\011}{subsection.2.4}% 37
\BOOKMARK [3][-]{subsubsection.2.4.3}{\376\377\000\040\000S\000i\000c\000e\377\032\155\167\121\260\226\073\134\074\377\010\000S\000h\000e\000n\000\040\000e\000t\000\040\000a\000l\000.\377\011}{subsection.2.4}% 38
\BOOKMARK [3][-]{subsubsection.2.4.4}{\376\377\000\040\000S\000i\000c\000e\377\032\155\167\121\260\176\317\232\214\000/\123\302\145\160\123\026\226\073\134\074}{subsection.2.4}% 39
\BOOKMARK [3][-]{subsubsection.2.4.5}{\376\377\000\040\000S\000i\000c\000e\377\032\155\167\121\260\226\073\134\074\377\010\147\011\145\110\116\313\215\050\152\041\127\213\377\011}{subsection.2.4}% 40
\BOOKMARK [3][-]{subsubsection.2.4.6}{\376\377\000\040\000S\000i\000s\377\032\155\167\121\260\142\151\145\143\145\143\134\004\377\010\173\200\123\125\145\271\154\325\377\011}{subsection.2.4}% 41
\BOOKMARK [3][-]{subsubsection.2.4.7}{\376\377\000\040\000S\000i\000s\377\032\117\235\215\126\155\156\121\260\134\072\136\246\166\204\145\143\134\004\116\016\200\027\145\143}{subsection.2.4}% 42
\BOOKMARK [3][-]{subsubsection.2.4.8}{\376\377\000\040\000S\000r\000e\000f\377\032\134\270\176\277\124\214\121\260\134\161\131\004\166\204\200\375\221\317\123\315\134\004}{subsection.2.4}% 43
\BOOKMARK [3][-]{subsubsection.2.4.9}{\376\377\000\040\116\214\226\066\214\061\124\214\201\352\165\061\153\041\221\315\122\233\154\342}{subsection.2.4}% 44
\BOOKMARK [2][-]{subsection.2.5}{\376\377\000\040\154\024\155\167\217\307\172\013}{section.2}% 45
\BOOKMARK [3][-]{subsubsection.2.5.1}{\376\377\000\040\116\000\202\054\151\202\137\365}{subsection.2.5}% 46
\BOOKMARK [3][-]{subsubsection.2.5.2}{\376\377\000\040\117\235\215\126\155\167\121\265\166\204\000\040\377\032\000R\000e\000i\000c\000h\000l\000\040\000e\000t\000\040\000a\000l\000.\000\040\0002\0000\0001\0004}{subsection.2.5}% 47
\BOOKMARK [3][-]{subsubsection.2.5.3}{\376\377\000\040\117\235\215\126\155\167\121\265\166\204\000\040\377\032\000D\000o\000n\000e\000l\000a\000n\000\040\000e\000t\000\040\000a\000l\000.\000\040\0002\0000\0001\0002}{subsection.2.5}% 48
\BOOKMARK [2][-]{subsection.2.6}{\376\377\000\040\217\223\121\372\123\302\145\160}{section.2}% 49
\BOOKMARK [2][-]{subsection.2.7}{\376\377\000\040\155\076\165\037\123\302\145\160}{section.2}% 50
\BOOKMARK [3][-]{subsubsection.2.7.1}{\376\377\145\271\124\021\127\141\136\246\124\214\217\321\131\051\136\225\124\016\124\021\145\143\134\004}{subsection.2.7}% 51
\BOOKMARK [3][-]{subsubsection.2.7.2}{\376\377\000S\000t\000o\000k\000e\000s\000\040\157\002\155\101\122\126\227\142}{subsection.2.7}% 52
\BOOKMARK [1][-]{section.3}{\376\377\000\040\145\160\120\074\145\271\154\325}{}% 53
\BOOKMARK [2][-]{subsection.3.1}{\376\377\000\040\214\061\171\273\145\143}{section.3}% 54
\BOOKMARK [2][-]{subsection.3.2}{\376\377\000\040\154\342\117\134\165\050\221\317\145\271\172\013\166\204\122\006\210\302}{section.3}% 55
\BOOKMARK [2][-]{subsection.3.3}{\376\377\000\040\154\064\155\361\226\217\145\366\225\364\123\330\123\026}{section.3}% 56
\BOOKMARK [2][-]{subsection.3.4}{\376\377\000\040\172\172\225\364\117\040\144\255}{section.3}% 57
\BOOKMARK [3][-]{subsubsection.3.4.1}{\376\377\000\040\116\000\202\054\151\202\137\365}{subsection.3.4}% 58
\BOOKMARK [3][-]{subsubsection.3.4.2}{\376\377\000\040\117\040\176\337\211\304\122\031\177\121\150\074}{subsection.3.4}% 59
\BOOKMARK [3][-]{subsubsection.3.4.2}{\376\377\000\040\000\040\116\000\226\066\150\074\137\017}{subsection.3.4}% 60
\BOOKMARK [3][-]{equation.9}{\376\377\000\040\000\040\116\214\226\066\150\074\137\017\000\040\000\050\000U\000N\000O\000\051}{subsection.3.4}% 61
\BOOKMARK [3][-]{equation.11}{\376\377\000\040\000\040\116\011\226\066\150\074\137\017\000\040\000\050\000U\000Q\000\051}{subsection.3.4}% 62
\BOOKMARK [3][-]{subsubsection.3.4.3}{\376\377\000\040\146\362\176\277\177\121\150\074}{subsection.3.4}% 63
\BOOKMARK [3][-]{subsubsection.3.4.4}{\376\377\000\040\116\011\211\322\137\142\227\136\176\323\147\204\177\121\150\074}{subsection.3.4}% 64
\BOOKMARK [3][-]{subsubsection.3.4.5}{\376\377\000\040\164\003\227\142\131\032\123\125\121\103\377\010\000S\000M\000C\377\011\177\121\150\074}{subsection.3.4}% 65
\BOOKMARK [3][-]{subsubsection.3.4.6}{\376\377\000\040\000G\000a\000r\000d\000e\000n\000\040\000S\000p\000r\000i\000n\000k\000l\000e\000r\000\040\000E\000f\000f\000e\000c\000t}{subsection.3.4}% 66
\BOOKMARK [3][-]{subsubsection.3.4.6}{\376\377\000\040\000\040\116\015\217\333\210\114\000\040\000G\000S\000E\000\040\177\023\211\343}{subsection.3.4}% 67
\BOOKMARK [3][-]{subsubsection.3.4.6}{\376\377\000\040\000\040\000B\000o\000o\000i\000j\000\040\000a\000n\000d\000\040\000H\000o\000l\000t\000h\000u\000i\000j\000s\000e\000n\000\040\0001\0009\0008\0007}{subsection.3.4}% 68
\BOOKMARK [3][-]{equation.41}{\376\377\000\040\000\040\172\172\225\364\136\163\127\107}{subsection.3.4}% 69
\BOOKMARK [3][-]{subsubsection.3.4.7}{\376\377\000\040\147\052\211\343\147\220\226\234\170\215\162\151}{subsection.3.4}% 70
\BOOKMARK [3][-]{subsubsection.3.4.8}{\376\377\000\040\217\336\176\355\171\373\122\250\177\121\150\074}{subsection.3.4}% 71
\BOOKMARK [3][-]{subsubsection.3.4.8}{\376\377\000\040\000\040\116\000\202\054\151\202\137\365}{subsection.3.4}% 72
\BOOKMARK [3][-]{subsubsection.3.4.9}{\376\377\000\040\145\313\217\154\177\121\150\074}{subsection.3.4}% 73
\BOOKMARK [2][-]{subsection.3.5}{\376\377\000\040\214\061\121\205\117\040\144\255}{section.3}% 74
\BOOKMARK [3][-]{subsubsection.3.5.1}{\376\377\000\040\116\000\202\054\151\202\137\365}{subsection.3.5}% 75
\BOOKMARK [3][-]{subsubsection.3.5.2}{\376\377\000\040\116\000\226\066\150\074\137\017}{subsection.3.5}% 76
\BOOKMARK [3][-]{subsubsection.3.5.3}{\376\377\000\040\116\214\226\066\150\074\137\017\000\040\000\050\000U\000N\000O\000\051}{subsection.3.5}% 77
\BOOKMARK [3][-]{subsubsection.3.5.4}{\376\377\000\040\116\011\226\066\150\074\137\017\000\040\000\050\000U\000Q\000\051}{subsection.3.5}% 78
\BOOKMARK [2][-]{subsection.3.6}{\376\377\000\040\227\136\121\260\156\220\230\171\171\357\122\006}{section.3}% 79
\BOOKMARK [2][-]{subsection.3.7}{\376\377\000\040\121\260\156\220\230\171\171\357\122\006}{section.3}% 80
\BOOKMARK [2][-]{subsection.3.8}{\376\377\000\040\173\200\123\125\121\260\226\073\143\041\000\040\000\050\000I\000C\0000\000\051}{section.3}% 81
\BOOKMARK [2][-]{subsection.3.9}{\376\377\000\040\230\316\124\214\155\101}{section.3}% 82
\BOOKMARK [2][-]{subsection.3.10}{\376\377\000\040\157\156\154\120\122\006\147\220\166\204\117\177\165\050}{section.3}% 83
\BOOKMARK [2][-]{subsection.3.11}{\376\377\000\040\154\342\134\360\124\214\154\342\232\330\166\204\145\366\172\172\147\201\120\074}{section.3}% 84
\BOOKMARK [2][-]{subsection.3.12}{\376\377\000\040\214\061\122\006\123\072}{section.3}% 85
\BOOKMARK [3][-]{subsubsection.3.12.1}{\376\377\127\060\137\142\137\017\122\006\123\072\145\271\154\325}{subsection.3.12}% 86
\BOOKMARK [3][-]{subsubsection.3.12.2}{\376\377\230\316\155\167\000/\155\214\155\152\137\122\134\136\116\016\122\006\123\072\145\271\154\325}{subsection.3.12}% 87
\BOOKMARK [2][-]{subsection.3.13}{\376\377\000\040\154\342\174\373\166\204\172\172\225\364\124\214\145\366\225\364\217\375\216\052}{section.3}% 88
\BOOKMARK [2][-]{subsection.3.14}{\376\377\000\040\135\114\131\127}{section.3}% 89
\BOOKMARK [3][-]{subsubsection.3.14.1}{\376\377\000\040\117\040\176\337\123\125\124\021\135\114\131\127}{subsection.3.14}% 90
\BOOKMARK [3][-]{subsubsection.3.14.2}{\376\377\000\040\123\314\124\021\135\114\131\127}{subsection.3.14}% 91
\BOOKMARK [1][-]{section.4}{\376\377\000\040\154\342\155\152\152\041\127\213\176\323\147\204\116\016\145\160\143\156\155\101}{}% 92
\BOOKMARK [2][-]{subsection.4.1}{\376\377\000\040\172\013\136\217\213\276\213\241}{section.4}% 93
\BOOKMARK [2][-]{subsection.4.2}{\376\377\000\040\154\342\155\152\152\041\137\017\117\213\172\013}{section.4}% 94
\BOOKMARK [2][-]{subsection.4.3}{\376\377\000\040\145\160\143\156\124\014\123\026\143\245\123\343}{section.4}% 95
\BOOKMARK [2][-]{subsection.4.4}{\376\377\000\040\217\205\122\251\172\013\136\217}{section.4}% 96
\BOOKMARK [3][-]{subsubsection.4.4.1}{\376\377\116\000\202\054\151\202\137\365}{subsection.4.4}% 97
\BOOKMARK [3][-]{subsubsection.4.4.2}{\376\377\221\115\177\156\145\207\116\366}{subsection.4.4}% 98
\BOOKMARK [3][-]{subsubsection.4.4.3}{\376\377\177\121\150\074\230\204\131\004\164\006\126\150}{subsection.4.4}% 99
\BOOKMARK [3][-]{subsubsection.4.4.4}{\376\377\122\035\131\313\147\141\116\366\172\013\136\217}{subsection.4.4}% 100
\BOOKMARK [3][-]{subsubsection.4.4.5}{\376\377\217\271\165\114\147\141\116\366\172\013\136\217}{subsection.4.4}% 101
\BOOKMARK [3][-]{subsubsection.4.4.6}{\376\377\000N\000e\000t\000C\000D\000F\000\040\217\271\165\114\147\141\116\366\172\013\136\217}{subsection.4.4}% 102
\BOOKMARK [3][-]{subsubsection.4.4.7}{\376\377\217\223\121\145\127\072\230\204\131\004\164\006\126\150}{subsection.4.4}% 103
\BOOKMARK [3][-]{subsubsection.4.4.8}{\376\377\000N\000e\000t\000C\000D\000F\000\040\217\223\121\145\127\072\230\204\131\004\164\006\126\150}{subsection.4.4}% 104
\BOOKMARK [3][-]{subsubsection.4.4.9}{\376\377\157\156\154\120\230\204\142\245\172\013\136\217}{subsection.4.4}% 105
\BOOKMARK [3][-]{subsubsection.4.4.10}{\376\377\220\032\165\050\130\363\172\013\136\217}{subsection.4.4}% 106
\BOOKMARK [3][-]{subsubsection.4.4.11}{\376\377\000w\000w\0003\000\137\000m\000u\000l\000t\000i\000\040\166\204\201\352\122\250\177\121\150\074\142\306\122\006\000\040\000\050\000w\000w\0003\000\137\000g\000s\000p\000l\000\051}{subsection.4.4}% 107
\BOOKMARK [3][-]{subsubsection.4.4.12}{\376\377\131\032\177\121\150\074\130\363\172\013\136\217}{subsection.4.4}% 108
\BOOKMARK [3][-]{subsubsection.4.4.13}{\376\377\177\121\150\074\145\164\124\010}{subsection.4.4}% 109
\BOOKMARK [3][-]{subsubsection.4.4.14}{\376\377\177\121\150\074\217\223\121\372\124\016\131\004\164\006\126\150}{subsection.4.4}% 110
\BOOKMARK [3][-]{subsubsection.4.4.15}{\376\377\177\121\150\074\217\223\121\372\000\040\000N\000e\000t\000C\000D\000F\000\040\124\016\131\004\164\006\126\150}{subsection.4.4}% 111
\BOOKMARK [3][-]{subsubsection.4.4.16}{\376\377\165\050\116\216\000\040\000G\000r\000A\000D\000S\000\040\166\204\177\121\150\074\217\223\121\372\124\016\131\004\164\006\126\150}{subsection.4.4}% 112
\BOOKMARK [3][-]{subsubsection.4.4.17}{\376\377\177\121\150\074\000\040\000G\000R\000I\000B\000\040\217\223\121\372\124\016\131\004\164\006\126\150}{subsection.4.4}% 113
\BOOKMARK [3][-]{subsubsection.4.4.18}{\376\377\160\271\217\223\121\372\124\016\131\004\164\006\126\150}{subsection.4.4}% 114
\BOOKMARK [3][-]{subsubsection.4.4.19}{\376\377\160\271\217\223\121\372\000\040\000N\000e\000t\000C\000D\000F\000\040\124\016\131\004\164\006\126\150}{subsection.4.4}% 115
\BOOKMARK [3][-]{subsubsection.4.4.20}{\376\377\165\050\116\216\000\040\000G\000r\000A\000D\000S\000\040\166\204\160\271\217\223\121\372\124\016\131\004\164\006\126\150}{subsection.4.4}% 116
\BOOKMARK [3][-]{subsubsection.4.4.21}{\376\377\217\150\217\371\217\223\121\372\124\016\131\004\164\006\126\150}{subsection.4.4}% 117
\BOOKMARK [3][-]{subsubsection.4.4.22}{\376\377\217\150\217\371\217\223\121\372\000\040\000N\000e\000t\000C\000D\000F\000\040\124\016\131\004\164\006\126\150}{subsection.4.4}% 118
\BOOKMARK [3][-]{subsubsection.4.4.23}{\376\377\154\342\155\152\174\373\176\337\166\204\145\366\172\172\215\337\216\052}{subsection.4.4}% 119
\BOOKMARK [3][-]{subsubsection.4.4.24}{\376\377\221\315\124\057\122\250\145\207\116\366\131\004\164\006\126\150}{subsection.4.4}% 120
\BOOKMARK [1][-]{section.5}{\376\377\000\040\133\211\210\305\060\001\177\026\213\321\124\214\217\320\210\114\154\342\155\152\152\041\127\213}{}% 121
\BOOKMARK [2][-]{subsection.5.1}{\376\377\000\040\137\025\212\000}{section.5}% 122
\BOOKMARK [2][-]{subsection.5.2}{\376\377\000\040\123\321\210\114\145\271\137\017}{section.5}% 123
\BOOKMARK [2][-]{subsection.5.3}{\376\377\000\040\133\211\210\305}{section.5}% 124
\BOOKMARK [2][-]{subsection.5.4}{\376\377\000\040\213\276\177\156}{section.5}% 125
\BOOKMARK [2][-]{subsection.5.5}{\376\377\000\040\166\356\137\125\176\323\147\204}{section.5}% 126
\BOOKMARK [2][-]{subsection.5.6}{\376\377\000\040\123\357\220\011\163\257\130\203\213\276\177\156}{section.5}% 127
\BOOKMARK [2][-]{subsection.5.7}{\376\377\000\040\177\026\213\321\124\214\224\376\143\245}{section.5}% 128
\BOOKMARK [2][-]{subsection.5.8}{\376\377\000\040\213\346\176\306\177\026\213\321}{section.5}% 129
\BOOKMARK [2][-]{subsection.5.9}{\376\377\000\040\220\011\142\351\152\041\137\017\220\011\230\171}{section.5}% 130
\BOOKMARK [3][-]{subsubsection.5.9.1}{\376\377\000\040\137\072\122\066\137\000\121\163}{subsection.5.9}% 131
\BOOKMARK [3][-]{subsubsection.5.9.2}{\376\377\000\040\123\357\220\011\137\000\121\163}{subsection.5.9}% 132
\BOOKMARK [3][-]{subsubsection.5.9.3}{\376\377\000\040\236\330\213\244\152\041\137\017\213\276\177\156}{subsection.5.9}% 133
\BOOKMARK [2][-]{subsection.5.10}{\376\377\000\040\117\356\145\071\156\220\116\343\170\001}{section.5}% 134
\BOOKMARK [2][-]{subsection.5.11}{\376\377\000\040\217\320\210\114\155\113\213\325\150\110\117\213}{section.5}% 135
\BOOKMARK [1][-]{section.6}{\376\377\000\040\174\373\176\337\145\207\150\143}{}% 136
\BOOKMARK [2][-]{subsection.6.1}{\376\377\000\040\137\025\212\000}{section.6}% 137
\BOOKMARK [2][-]{subsection.6.2}{\376\377\000\040\230\204\131\004\164\006\126\150}{section.6}% 138
\BOOKMARK [2][-]{subsection.6.3}{\376\377\000\040\172\013\136\217\145\207\116\366}{section.6}% 139
\BOOKMARK [3][-]{subsubsection.6.3.1}{\376\377\000\040\154\342\155\152\152\041\137\017\152\041\127\127}{subsection.6.3}% 140
\BOOKMARK [3][-]{subsubsection.6.3.2}{\376\377\000\040\131\032\177\121\150\074\152\041\127\127}{subsection.6.3}% 141
\BOOKMARK [3][-]{subsubsection.6.3.3}{\376\377\000\040\145\160\143\156\124\014\123\026\152\041\127\127}{subsection.6.3}% 142
\BOOKMARK [3][-]{subsubsection.6.3.4}{\376\377\000\040\217\205\122\251\172\013\136\217}{subsection.6.3}% 143
\BOOKMARK [2][-]{subsection.6.4}{\376\377\000\040\117\030\123\026}{section.6}% 144
\BOOKMARK [2][-]{subsection.6.5}{\376\377\000\040\121\205\220\350\145\160\143\156\133\130\120\250}{section.6}% 145
\BOOKMARK [3][-]{subsubsection.6.5.1}{\376\377\000\040\177\121\150\074}{subsection.6.5}% 146
\BOOKMARK [3][-]{subsubsection.6.5.2}{\376\377\000\040\122\006\136\003\137\017\121\205\133\130\151\202\137\365}{subsection.6.5}% 147
\BOOKMARK [3][-]{subsubsection.6.5.3}{\376\377\000\040\131\032\177\121\150\074}{subsection.6.5}% 148
\BOOKMARK [2][-]{subsection.6.6}{\376\377\000\040\152\041\127\127\116\055\166\204\123\330\221\317}{section.6}% 149
\BOOKMARK [3][-]{subsubsection.6.6.1}{\376\377\000\040\152\041\127\127\116\055\166\204\123\302\145\160\213\276\177\156}{subsection.6.6}% 150
\BOOKMARK [3][-]{subsubsection.6.6.2}{\376\377\000\040\145\160\143\156\176\323\147\204}{subsection.6.6}% 151
\BOOKMARK [1][-]{section*.76}{\376\377\123\302\200\003\145\207\163\056}{}% 152
\BOOKMARK [1][-]{appendix.A}{\376\377\000\040\213\276\177\156\152\041\137\017\145\366\225\364\153\145\225\177}{}% 153
\BOOKMARK [2][-]{subsection.A.1}{\376\377\000\040\123\125\116\052\177\121\150\074}{appendix.A}% 154
\BOOKMARK [2][-]{subsection.A.2}{\376\377\000\040\177\121\150\074\225\166\135\114}{appendix.A}% 155
\BOOKMARK [1][-]{appendix.B}{\376\377\000\040\213\276\177\156\135\114\131\127\217\320\210\114}{}% 156
\BOOKMARK [2][-]{subsection.B.1}{\376\377\000\040\117\177\165\050\000\040\000w\000w\0003\000\137\000s\000h\000e\000l}{appendix.B}% 157
\BOOKMARK [2][-]{subsection.B.2}{\376\377\000\040\117\177\165\050\000\040\000w\000w\0003\000\137\000b\000o\000u\000n\000d\000\040\124\214\000/\142\026\227\136\176\323\147\204\177\121\150\074}{appendix.B}% 158
\BOOKMARK [2][-]{subsection.B.3}{\376\377\000\040\117\177\165\050\000\040\000w\000w\0003\000\137\000m\000u\000l\000t\000i}{appendix.B}% 159
\BOOKMARK [1][-]{appendix.C}{\376\377\000\040\122\006\136\003\137\017\147\072\126\150\213\276\177\156\377\010\000M\000P\000I\377\011}{}% 160
\BOOKMARK [2][-]{subsection.C.1}{\376\377\000\040\152\041\137\017\213\276\177\156}{appendix.C}% 161
\BOOKMARK [2][-]{subsection.C.2}{\376\377\000\040\136\070\211\301\225\031\213\357}{appendix.C}% 162
\BOOKMARK [2][-]{subsection.C.3}{\376\377\000\040\000M\000P\000I\000\040\160\271\133\371\160\271\220\032\117\341\225\031\213\357}{appendix.C}% 163
\BOOKMARK [1][-]{appendix.D}{\376\377\000\040\227\136\211\304\122\031\177\121\150\074\166\204\225\166\135\114\145\271\154\325}{}% 164
\BOOKMARK [2][-]{subsection.D.1}{\376\377\000\040\137\025\212\000}{appendix.D}% 165
\BOOKMARK [2][-]{subsection.D.2}{\376\377\000\040\000S\000C\000R\000I\000P\000-\000W\000W\0003}{appendix.D}% 166
\BOOKMARK [2][-]{subsection.D.3}{\376\377\000\040\000S\000C\000R\000I\000P\000\040\144\315\117\134}{appendix.D}% 167
\BOOKMARK [2][-]{subsection.D.4}{\376\377\000\040\117\030\123\026\124\214\136\070\211\301\225\356\230\230}{appendix.D}% 168
\BOOKMARK [2][-]{subsection.D.5}{\376\377\000\040\226\120\122\066}{appendix.D}% 169
\BOOKMARK [1][-]{appendix.E}{\376\377\000\040\117\177\165\050\000\040\000O\000A\000S\000I\000S\000\040\217\333\210\114\155\167\155\013\000-\155\167\121\260\000-\154\342\155\152\000-\131\047\154\024\200\046\124\010}{}% 170
\BOOKMARK [2][-]{subsection.E.1}{\376\377\000\040\137\025\212\000}{appendix.E}% 171
\BOOKMARK [2][-]{subsection.E.2}{\376\377\000\040\116\016\000\040\000O\000A\000S\000I\000S\0003\000-\000M\000C\000T\000\040\136\372\172\313\143\245\123\343}{appendix.E}% 172
\BOOKMARK [2][-]{subsection.E.3}{\376\377\000\040\117\177\165\050\000\040\000O\000A\000S\000I\000S\0003\000-\000M\000C\000T\000\040\177\026\213\321}{appendix.E}% 173
\BOOKMARK [2][-]{subsection.E.4}{\376\377\000\040\124\057\122\250\200\046\124\010\152\041\142\337}{appendix.E}% 174
\BOOKMARK [2][-]{subsection.E.5}{\376\377\000\040\226\120\122\066}{appendix.E}% 175
\BOOKMARK [1][-]{appendix.F}{\376\377\000\040\116\016\000\040\000N\000U\000O\000P\000C\000\040\200\046\124\010}{}% 176
\BOOKMARK [2][-]{subsection.F.1}{\376\377\000\040\137\025\212\000}{appendix.F}% 177
\BOOKMARK [2][-]{subsection.F.2}{\376\377\000\040\147\204\136\372\124\214\133\211\210\305\000\040\000N\000U\000O\000P\000C\000\040\000C\000a\000p}{appendix.F}% 178
\BOOKMARK [2][-]{subsection.F.3}{\376\377\000\040\000N\000U\000O\000P\000C\000\040\000C\000a\000p\000\040\116\055\166\204\133\374\121\145\000/\133\374\121\372\127\072}{appendix.F}% 179
\BOOKMARK [2][-]{subsection.F.4}{\376\377\000\040\000N\000U\000O\000P\000C\000\040\000C\000a\000p\000\040\217\223\121\145\145\207\116\366\221\115\177\156}{appendix.F}% 180
\BOOKMARK [2][-]{subsection.F.5}{\376\377\000\040\217\320\210\114\000\040\000N\000U\000O\000P\000C\000\040\000C\000a\000p}{appendix.F}% 181
\BOOKMARK [1][-]{appendix.G}{\376\377\000\040\217\223\121\145\145\207\116\366\221\115\177\156}{}% 182
\BOOKMARK [2][-]{subsection.G.1}{\376\377\000\040\000w\000w\0003\000\137\000g\000r\000i\000d}{appendix.G}% 183
\BOOKMARK [3][-]{subsubsection.G.1.1}{\376\377\000\040\000w\000w\0003\000\137\000g\000r\000i\000d\000.\000i\000n\000p}{subsection.G.1}% 184
\BOOKMARK [3][-]{subsubsection.G.1.2}{\376\377\000\040\000w\000w\0003\000\137\000g\000r\000i\000d\000.\000n\000m\000l}{subsection.G.1}% 185
\BOOKMARK [2][-]{subsection.G.2}{\376\377\000\040\000w\000w\0003\000\137\000s\000t\000r\000t}{appendix.G}% 186
\BOOKMARK [3][-]{subsubsection.G.2.1}{\376\377\000\040\000w\000w\0003\000\137\000s\000t\000r\000t\000.\000i\000n\000p}{subsection.G.2}% 187
\BOOKMARK [2][-]{subsection.G.3}{\376\377\000\040\000w\000w\0003\000\137\000b\000o\000u\000n\000d}{appendix.G}% 188
\BOOKMARK [3][-]{subsubsection.G.3.1}{\376\377\000\040\000w\000w\0003\000\137\000b\000o\000u\000n\000d\000.\000i\000n\000p}{subsection.G.3}% 189
\BOOKMARK [2][-]{subsection.G.4}{\376\377\000\040\000w\000w\0003\000\137\000b\000o\000u\000n\000c}{appendix.G}% 190
\BOOKMARK [3][-]{subsubsection.G.4.1}{\376\377\000\040\000w\000w\0003\000\137\000b\000o\000u\000n\000c\000.\000i\000n\000p}{subsection.G.4}% 191
\BOOKMARK [3][-]{subsubsection.G.4.2}{\376\377\000\040\000w\000w\0003\000\137\000b\000o\000u\000n\000c\000.\000n\000m\000l}{subsection.G.4}% 192
\BOOKMARK [2][-]{subsection.G.5}{\376\377\000\040\000w\000w\0003\000\137\000p\000r\000e\000p}{appendix.G}% 193
\BOOKMARK [3][-]{subsubsection.G.5.1}{\376\377\000\040\000w\000w\0003\000\137\000p\000r\000e\000p\000.\000i\000n\000p}{subsection.G.5}% 194
\BOOKMARK [2][-]{subsection.G.6}{\376\377\000\040\000w\000w\0003\000\137\000p\000r\000n\000c}{appendix.G}% 195
\BOOKMARK [3][-]{subsubsection.G.6.1}{\376\377\000\040\000w\000w\0003\000\137\000p\000r\000n\000c\000.\000i\000n\000p}{subsection.G.6}% 196
\BOOKMARK [3][-]{subsubsection.G.6.2}{\376\377\000\040\000w\000w\0003\000\137\000p\000r\000n\000c\000.\000n\000m\000l}{subsection.G.6}% 197
\BOOKMARK [2][-]{subsection.G.7}{\376\377\000\040\000w\000w\0003\000\137\000p\000r\000t\000i\000d\000e}{appendix.G}% 198
\BOOKMARK [3][-]{subsubsection.G.7.1}{\376\377\000\040\000w\000w\0003\000\137\000p\000r\000t\000i\000d\000e\000.\000i\000n\000p}{subsection.G.7}% 199
\BOOKMARK [2][-]{subsection.G.8}{\376\377\000\040\000w\000w\0003\000\137\000s\000h\000e\000l}{appendix.G}% 200
\BOOKMARK [3][-]{subsubsection.G.8.1}{\376\377\000\040\000w\000w\0003\000\137\000s\000h\000e\000l\000.\000i\000n\000p}{subsection.G.8}% 201
\BOOKMARK [3][-]{subsubsection.G.8.2}{\376\377\000\040\000w\000w\0003\000\137\000s\000h\000e\000l\000.\000n\000m\000l}{subsection.G.8}% 202
\BOOKMARK [2][-]{subsection.G.9}{\376\377\000\040\000w\000w\0003\000\137\000g\000s\000p\000l}{appendix.G}% 203
\BOOKMARK [3][-]{subsubsection.G.9.1}{\376\377\000\040\000w\000w\0003\000\137\000g\000s\000p\000l\000.\000i\000n\000p}{subsection.G.9}% 204
\BOOKMARK [2][-]{subsection.G.10}{\376\377\000\040\000w\000w\0003\000\137\000m\000u\000l\000t\000i}{appendix.G}% 205
\BOOKMARK [3][-]{subsubsection.G.10.1}{\376\377\000\040\000w\000w\0003\000\137\000m\000u\000l\000t\000i\000.\000i\000n\000p}{subsection.G.10}% 206
\BOOKMARK [3][-]{subsubsection.G.10.2}{\376\377\000\040\000w\000w\0003\000\137\000m\000u\000l\000t\000i\000.\000n\000m\000l}{subsection.G.10}% 207
\BOOKMARK [2][-]{subsection.G.11}{\376\377\000\040\000w\000w\0003\000\137\000g\000i\000n\000t}{appendix.G}% 208
\BOOKMARK [3][-]{subsubsection.G.11.1}{\376\377\000\040\000w\000w\0003\000\137\000g\000i\000n\000t\000.\000i\000n\000p}{subsection.G.11}% 209
\BOOKMARK [2][-]{subsection.G.12}{\376\377\000\040\000w\000w\0003\000\137\000o\000u\000t\000f}{appendix.G}% 210
\BOOKMARK [3][-]{subsubsection.G.12.1}{\376\377\000\040\000w\000w\0003\000\137\000o\000u\000t\000f\000.\000i\000n\000p}{subsection.G.12}% 211
\BOOKMARK [2][-]{subsection.G.13}{\376\377\000\040\000w\000w\0003\000\137\000o\000u\000n\000f}{appendix.G}% 212
\BOOKMARK [3][-]{subsubsection.G.13.1}{\376\377\000\040\000w\000w\0003\000\137\000o\000u\000n\000f\000.\000i\000n\000p}{subsection.G.13}% 213
\BOOKMARK [3][-]{subsubsection.G.13.2}{\376\377\000\040\000w\000w\0003\000\137\000o\000u\000n\000f\000.\000n\000m\000l}{subsection.G.13}% 214
\BOOKMARK [2][-]{subsection.G.14}{\376\377\000\040\000g\000x\000\137\000o\000u\000t\000f}{appendix.G}% 215
\BOOKMARK [3][-]{subsubsection.G.14.1}{\376\377\000\040\000g\000x\000\137\000o\000u\000t\000f\000.\000i\000n\000p}{subsection.G.14}% 216
\BOOKMARK [2][-]{subsection.G.15}{\376\377\000\040\000w\000w\0003\000\137\000g\000r\000i\000b}{appendix.G}% 217
\BOOKMARK [3][-]{subsubsection.G.15.1}{\376\377\000\040\000w\000w\0003\000\137\000g\000r\000i\000b\000.\000i\000n\000p}{subsection.G.15}% 218
\BOOKMARK [2][-]{subsection.G.16}{\376\377\000\040\000w\000w\0003\000\137\000o\000u\000t\000p}{appendix.G}% 219
\BOOKMARK [3][-]{subsubsection.G.16.1}{\376\377\000\040\000w\000w\0003\000\137\000o\000u\000t\000p\000.\000i\000n\000p}{subsection.G.16}% 220
\BOOKMARK [2][-]{subsection.G.17}{\376\377\000\040\000w\000w\0003\000\137\000o\000u\000n\000p}{appendix.G}% 221
\BOOKMARK [3][-]{subsubsection.G.17.1}{\376\377\000\040\000w\000w\0003\000\137\000o\000u\000n\000p\000.\000i\000n\000p}{subsection.G.17}% 222
\BOOKMARK [3][-]{subsubsection.G.17.2}{\376\377\000\040\000w\000w\0003\000\137\000o\000u\000n\000p\000.\000n\000m\000l}{subsection.G.17}% 223
\BOOKMARK [2][-]{subsection.G.18}{\376\377\000\040\000g\000x\000\137\000o\000u\000t\000p}{appendix.G}% 224
\BOOKMARK [3][-]{subsubsection.G.18.1}{\376\377\000\040\000g\000x\000\137\000o\000u\000t\000p\000.\000i\000n\000p}{subsection.G.18}% 225
\BOOKMARK [2][-]{subsection.G.19}{\376\377\000\040\000w\000w\0003\000\137\000t\000r\000c\000k}{appendix.G}% 226
\BOOKMARK [3][-]{subsubsection.G.19.1}{\376\377\000\040\000w\000w\0003\000\137\000t\000r\000c\000k\000.\000i\000n\000p}{subsection.G.19}% 227
\BOOKMARK [2][-]{subsection.G.20}{\376\377\000\040\000w\000w\0003\000\137\000t\000r\000n\000c}{appendix.G}% 228
\BOOKMARK [3][-]{subsubsection.G.20.1}{\376\377\000\040\000w\000w\0003\000\137\000t\000r\000n\000c\000.\000i\000n\000p}{subsection.G.20}% 229
\BOOKMARK [3][-]{subsubsection.G.20.2}{\376\377\000\040\000w\000w\0003\000\137\000t\000r\000n\000c\000.\000n\000m\000l}{subsection.G.20}% 230
\BOOKMARK [2][-]{subsection.G.21}{\376\377\000\040\000w\000w\0003\000\137\000s\000y\000s\000t\000r\000k}{appendix.G}% 231
\BOOKMARK [3][-]{subsubsection.G.21.1}{\376\377\000\040\000w\000w\0003\000\137\000s\000y\000s\000t\000r\000k\000.\000i\000n\000p}{subsection.G.21}% 232
\BOOKMARK [2][-]{subsection.G.22}{\376\377\000\040\000w\000w\0003\000\137\000u\000p\000r\000s\000t\000r}{appendix.G}% 233
\BOOKMARK [3][-]{subsubsection.G.22.1}{\376\377\000\040\000w\000w\0003\000\137\000u\000p\000r\000s\000t\000r\000.\000i\000n\000p}{subsection.G.22}% 234
