This is XeTeX, Version 3.141592653-2.6-0.999997 (TeX Live 2025) (preloaded format=xelatex 2025.11.11)  25 MAY 2026 00:06
entering extended mode
 restricted \write18 enabled.
 %&-line parsing enabled.
**manual_zh.tex
(./manual_zh.tex
LaTeX2e <2024-11-01> patch level 2
L3 programming layer <2025-01-18>
(/usr/local/texlive/2025/texmf-dist/tex/latex/base/article.cls
Document Class: article 2024/06/29 v1.4n Standard LaTeX document class
(/usr/local/texlive/2025/texmf-dist/tex/latex/base/size12.clo
File: size12.clo 2024/06/29 v1.4n Standard LaTeX file (size option)
)
\c@part=\count192
\c@section=\count193
\c@subsection=\count194
\c@subsubsection=\count195
\c@paragraph=\count196
\c@subparagraph=\count197
\c@figure=\count198
\c@table=\count199
\abovecaptionskip=\skip49
\belowcaptionskip=\skip50
\bibindent=\dimen141
)
(/usr/local/texlive/2025/texmf-dist/tex/latex/microtype/microtype.sty
Package: microtype 2025/02/11 v3.2a Micro-typographical refinements (RS)

(/usr/local/texlive/2025/texmf-dist/tex/latex/graphics/keyval.sty
Package: keyval 2022/05/29 v1.15 key=value parser (DPC)
\KV@toks@=\toks17
)
(/usr/local/texlive/2025/texmf-dist/tex/latex/etoolbox/etoolbox.sty
Package: etoolbox 2025/02/11 v2.5l e-TeX tools for LaTeX (JAW)
\etb@tempcnta=\count266
)
\MT@toks=\toks18
\MT@tempbox=\box52
\MT@count=\count267
LaTeX Info: Redefining \noprotrusionifhmode on input line 1087.
LaTeX Info: Redefining \leftprotrusion on input line 1088.
\MT@prot@toks=\toks19
LaTeX Info: Redefining \rightprotrusion on input line 1107.
LaTeX Info: Redefining \textls on input line 1449.
\MT@outer@kern=\dimen142
LaTeX Info: Redefining \microtypecontext on input line 2053.
LaTeX Info: Redefining \textmicrotypecontext on input line 2070.
\MT@listname@count=\count268

(/usr/local/texlive/2025/texmf-dist/tex/latex/microtype/microtype-xetex.def
File: microtype-xetex.def 2025/02/11 v3.2a Definitions specific to xetex (RS)
LaTeX Info: Redefining \lsstyle on input line 443.
LaTeX Info: Redefining \lslig on input line 451.
\MT@outer@space=\skip51
)
Package microtype Info: Loading configuration file microtype.cfg.

(/usr/local/texlive/2025/texmf-dist/tex/latex/microtype/microtype.cfg
File: microtype.cfg 2025/02/11 v3.2a microtype main configuration file (RS)
)
LaTeX Info: Redefining \microtypesetup on input line 3065.
)
(/usr/local/texlive/2025/texmf-dist/tex/latex/natbib/natbib.sty
Package: natbib 2010/09/13 8.31b (PWD, AO)
\bibhang=\skip52
\bibsep=\skip53
LaTeX Info: Redefining \cite on input line 694.
\c@NAT@ctr=\count269
)
(/usr/local/texlive/2025/texmf-dist/tex/latex/graphics/epsfig.sty
Package: epsfig 2024/01/14 v1.7b (e)psfig emulation (SPQR)

(/usr/local/texlive/2025/texmf-dist/tex/latex/graphics/graphicx.sty
Package: graphicx 2021/09/16 v1.2d Enhanced LaTeX Graphics (DPC,SPQR)

(/usr/local/texlive/2025/texmf-dist/tex/latex/graphics/graphics.sty
Package: graphics 2024/08/06 v1.4g Standard LaTeX Graphics (DPC,SPQR)

(/usr/local/texlive/2025/texmf-dist/tex/latex/graphics/trig.sty
Package: trig 2023/12/02 v1.11 sin cos tan (DPC)
)
(/usr/local/texlive/2025/texmf-dist/tex/latex/graphics-cfg/graphics.cfg
File: graphics.cfg 2016/06/04 v1.11 sample graphics configuration
)
Package graphics Info: Driver file: xetex.def on input line 106.

(/usr/local/texlive/2025/texmf-dist/tex/latex/graphics-def/xetex.def
File: xetex.def 2022/09/22 v5.0n Graphics/color driver for xetex
))
\Gin@req@height=\dimen143
\Gin@req@width=\dimen144
)
\epsfxsize=\dimen145
\epsfysize=\dimen146
)
(/usr/local/texlive/2025/texmf-dist/tex/latex/amsfonts/amssymb.sty
Package: amssymb 2013/01/14 v3.01 AMS font symbols

(/usr/local/texlive/2025/texmf-dist/tex/latex/amsfonts/amsfonts.sty
Package: amsfonts 2013/01/14 v3.01 Basic AMSFonts support
\@emptytoks=\toks20
\symAMSa=\mathgroup4
\symAMSb=\mathgroup5
LaTeX Font Info:    Redeclaring math symbol \hbar on input line 98.
LaTeX Font Info:    Overwriting math alphabet `\mathfrak' in version `bold'
(Font)                  U/euf/m/n --> U/euf/b/n on input line 106.
))
(/usr/local/texlive/2025/texmf-dist/tex/latex/amsmath/amsmath.sty
Package: amsmath 2024/11/05 v2.17t AMS math features
\@mathmargin=\skip54

For additional information on amsmath, use the `?' option.
(/usr/local/texlive/2025/texmf-dist/tex/latex/amsmath/amstext.sty
Package: amstext 2021/08/26 v2.01 AMS text

(/usr/local/texlive/2025/texmf-dist/tex/latex/amsmath/amsgen.sty
File: amsgen.sty 1999/11/30 v2.0 generic functions
\@emptytoks=\toks21
\ex@=\dimen147
))
(/usr/local/texlive/2025/texmf-dist/tex/latex/amsmath/amsbsy.sty
Package: amsbsy 1999/11/29 v1.2d Bold Symbols
\pmbraise@=\dimen148
)
(/usr/local/texlive/2025/texmf-dist/tex/latex/amsmath/amsopn.sty
Package: amsopn 2022/04/08 v2.04 operator names
)
\inf@bad=\count270
LaTeX Info: Redefining \frac on input line 233.
\uproot@=\count271
\leftroot@=\count272
LaTeX Info: Redefining \overline on input line 398.
LaTeX Info: Redefining \colon on input line 409.
\classnum@=\count273
\DOTSCASE@=\count274
LaTeX Info: Redefining \ldots on input line 495.
LaTeX Info: Redefining \dots on input line 498.
LaTeX Info: Redefining \cdots on input line 619.
\Mathstrutbox@=\box53
\strutbox@=\box54
LaTeX Info: Redefining \big on input line 721.
LaTeX Info: Redefining \Big on input line 722.
LaTeX Info: Redefining \bigg on input line 723.
LaTeX Info: Redefining \Bigg on input line 724.
\big@size=\dimen149
LaTeX Font Info:    Redeclaring font encoding OML on input line 742.
LaTeX Font Info:    Redeclaring font encoding OMS on input line 743.
\macc@depth=\count275
LaTeX Info: Redefining \bmod on input line 904.
LaTeX Info: Redefining \pmod on input line 909.
LaTeX Info: Redefining \smash on input line 939.
LaTeX Info: Redefining \relbar on input line 969.
LaTeX Info: Redefining \Relbar on input line 970.
\c@MaxMatrixCols=\count276
\dotsspace@=\muskip17
\c@parentequation=\count277
\dspbrk@lvl=\count278
\tag@help=\toks22
\row@=\count279
\column@=\count280
\maxfields@=\count281
\andhelp@=\toks23
\eqnshift@=\dimen150
\alignsep@=\dimen151
\tagshift@=\dimen152
\tagwidth@=\dimen153
\totwidth@=\dimen154
\lineht@=\dimen155
\@envbody=\toks24
\multlinegap=\skip55
\multlinetaggap=\skip56
\mathdisplay@stack=\toks25
LaTeX Info: Redefining \[ on input line 2953.
LaTeX Info: Redefining \] on input line 2954.
) (./svn.sty
Package: svn 2007/09/25 r43 Typeset Subversion keywords.
)
(/usr/local/texlive/2025/texmf-dist/tex/latex/graphics/lscape.sty
Package: lscape 2020/05/28 v3.02 Landscape Pages (DPC)
)
(/usr/local/texlive/2025/texmf-dist/tex/latex/hyperref/hyperref.sty
Package: hyperref 2024-11-05 v7.01l Hypertext links for LaTeX

(/usr/local/texlive/2025/texmf-dist/tex/generic/iftex/iftex.sty
Package: iftex 2024/12/12 v1.0g TeX engine tests
)
(/usr/local/texlive/2025/texmf-dist/tex/latex/kvsetkeys/kvsetkeys.sty
Package: kvsetkeys 2022-10-05 v1.19 Key value parser (HO)
)
(/usr/local/texlive/2025/texmf-dist/tex/generic/kvdefinekeys/kvdefinekeys.sty
Package: kvdefinekeys 2019-12-19 v1.6 Define keys (HO)
)
(/usr/local/texlive/2025/texmf-dist/tex/generic/pdfescape/pdfescape.sty
Package: pdfescape 2019/12/09 v1.15 Implements pdfTeX's escape features (HO)

(/usr/local/texlive/2025/texmf-dist/tex/generic/ltxcmds/ltxcmds.sty
Package: ltxcmds 2023-12-04 v1.26 LaTeX kernel commands for general use (HO)
)
(/usr/local/texlive/2025/texmf-dist/tex/generic/pdftexcmds/pdftexcmds.sty
Package: pdftexcmds 2020-06-27 v0.33 Utility functions of pdfTeX for LuaTeX (HO
)

(/usr/local/texlive/2025/texmf-dist/tex/generic/infwarerr/infwarerr.sty
Package: infwarerr 2019/12/03 v1.5 Providing info/warning/error messages (HO)
)
Package pdftexcmds Info: \pdf@primitive is available.
Package pdftexcmds Info: \pdf@ifprimitive is available.
Package pdftexcmds Info: \pdfdraftmode not found.
))
(/usr/local/texlive/2025/texmf-dist/tex/latex/hycolor/hycolor.sty
Package: hycolor 2020-01-27 v1.10 Color options for hyperref/bookmark (HO)
)
(/usr/local/texlive/2025/texmf-dist/tex/latex/hyperref/nameref.sty
Package: nameref 2023-11-26 v2.56 Cross-referencing by name of section

(/usr/local/texlive/2025/texmf-dist/tex/latex/refcount/refcount.sty
Package: refcount 2019/12/15 v3.6 Data extraction from label references (HO)
)
(/usr/local/texlive/2025/texmf-dist/tex/generic/gettitlestring/gettitlestring.s
ty
Package: gettitlestring 2019/12/15 v1.6 Cleanup title references (HO)
 (/usr/local/texlive/2025/texmf-dist/tex/latex/kvoptions/kvoptions.sty
Package: kvoptions 2022-06-15 v3.15 Key value format for package options (HO)
))
\c@section@level=\count282
)
(/usr/local/texlive/2025/texmf-dist/tex/generic/stringenc/stringenc.sty
Package: stringenc 2019/11/29 v1.12 Convert strings between diff. encodings (HO
)
)
\@linkdim=\dimen156
\Hy@linkcounter=\count283
\Hy@pagecounter=\count284

(/usr/local/texlive/2025/texmf-dist/tex/latex/hyperref/pd1enc.def
File: pd1enc.def 2024-11-05 v7.01l Hyperref: PDFDocEncoding definition (HO)
)
(/usr/local/texlive/2025/texmf-dist/tex/generic/intcalc/intcalc.sty
Package: intcalc 2019/12/15 v1.3 Expandable calculations with integers (HO)
)
\Hy@SavedSpaceFactor=\count285

(/usr/local/texlive/2025/texmf-dist/tex/latex/hyperref/puenc.def
File: puenc.def 2024-11-05 v7.01l Hyperref: PDF Unicode definition (HO)
)
Package hyperref Info: Hyper figures OFF on input line 4157.
Package hyperref Info: Link nesting OFF on input line 4162.
Package hyperref Info: Hyper index ON on input line 4165.
Package hyperref Info: Plain pages OFF on input line 4172.
Package hyperref Info: Backreferencing OFF on input line 4177.
Package hyperref Info: Implicit mode ON; LaTeX internals redefined.
Package hyperref Info: Bookmarks ON on input line 4424.
\c@Hy@tempcnt=\count286

(/usr/local/texlive/2025/texmf-dist/tex/latex/url/url.sty
\Urlmuskip=\muskip18
Package: url 2013/09/16  ver 3.4  Verb mode for urls, etc.
)
LaTeX Info: Redefining \url on input line 4763.
\XeTeXLinkMargin=\dimen157

(/usr/local/texlive/2025/texmf-dist/tex/generic/bitset/bitset.sty
Package: bitset 2019/12/09 v1.3 Handle bit-vector datatype (HO)

(/usr/local/texlive/2025/texmf-dist/tex/generic/bigintcalc/bigintcalc.sty
Package: bigintcalc 2019/12/15 v1.5 Expandable calculations on big integers (HO
)
))
\Fld@menulength=\count287
\Field@Width=\dimen158
\Fld@charsize=\dimen159
Package hyperref Info: Hyper figures OFF on input line 6042.
Package hyperref Info: Link nesting OFF on input line 6047.
Package hyperref Info: Hyper index ON on input line 6050.
Package hyperref Info: backreferencing OFF on input line 6057.
Package hyperref Info: Link coloring OFF on input line 6062.
Package hyperref Info: Link coloring with OCG OFF on input line 6067.
Package hyperref Info: PDF/A mode OFF on input line 6072.

(/usr/local/texlive/2025/texmf-dist/tex/latex/base/atbegshi-ltx.sty
Package: atbegshi-ltx 2021/01/10 v1.0c Emulation of the original atbegshi
package with kernel methods
)
\Hy@abspage=\count288
\c@Item=\count289
\c@Hfootnote=\count290
)
Package hyperref Info: Driver (autodetected): hxetex.

(/usr/local/texlive/2025/texmf-dist/tex/latex/hyperref/hxetex.def
File: hxetex.def 2024-11-05 v7.01l Hyperref driver for XeTeX
\pdfm@box=\box55
\c@Hy@AnnotLevel=\count291
\HyField@AnnotCount=\count292
\Fld@listcount=\count293
\c@bookmark@seq@number=\count294

(/usr/local/texlive/2025/texmf-dist/tex/latex/rerunfilecheck/rerunfilecheck.sty
Package: rerunfilecheck 2022-07-10 v1.10 Rerun checks for auxiliary files (HO)
(/usr/local/texlive/2025/texmf-dist/tex/latex/base/atveryend-ltx.sty
Package: atveryend-ltx 2020/08/19 v1.0a Emulation of the original atveryend pac
kage
with kernel methods
)
(/usr/local/texlive/2025/texmf-dist/tex/generic/uniquecounter/uniquecounter.sty
Package: uniquecounter 2019/12/15 v1.4 Provide unlimited unique counter (HO)
)
Package uniquecounter Info: New unique counter `rerunfilecheck' on input line 2
85.
)
\Hy@SectionHShift=\skip57
) (/usr/local/texlive/2025/texmf-dist/tex/latex/caption/caption.sty
Package: caption 2023/08/05 v3.6o Customizing captions (AR)

(/usr/local/texlive/2025/texmf-dist/tex/latex/caption/caption3.sty
Package: caption3 2023/07/31 v2.4d caption3 kernel (AR)
\caption@tempdima=\dimen160
\captionmargin=\dimen161
\caption@leftmargin=\dimen162
\caption@rightmargin=\dimen163
\caption@width=\dimen164
\caption@indent=\dimen165
\caption@parindent=\dimen166
\caption@hangindent=\dimen167
Package caption Info: Standard document class detected.
)
\c@caption@flags=\count295
\c@continuedfloat=\count296
Package caption Info: hyperref package is loaded.
)
(./threeparttable.sty
Package: threeparttable 2003/06/13  v 3.0
\@tempboxb=\box56
)
(/usr/local/texlive/2025/texmf-dist/tex/latex/graphics/rotating.sty
Package: rotating 2016/08/11 v2.16d rotated objects in LaTeX

(/usr/local/texlive/2025/texmf-dist/tex/latex/base/ifthen.sty
Package: ifthen 2024/03/16 v1.1e Standard LaTeX ifthen package (DPC)
)
\c@r@tfl@t=\count297
\rotFPtop=\skip58
\rotFPbot=\skip59
\rot@float@box=\box57
\rot@mess@toks=\toks26
) (./tocloft.sty
Package: tocloft 1999/09/19 v1.0 parameterised ToC, etc., typesetting

(./stdclsdv.sty
Package: stdclsdv 1999/01/18 v1.0 Sectional divisions
)
\cftbeforetoctitleskip=\skip60
\cftaftertoctitleskip=\skip61
\cftbeforepartskip=\skip62
\cftpartnumwidth=\skip63
\cftbeforechapskip=\skip64
\cftchapindent=\skip65
\cftchapnumwidth=\skip66
\cftbeforesecskip=\skip67
\cftsecindent=\skip68
\cftsecnumwidth=\skip69
\cftbeforesubsecskip=\skip70
\cftsubsecindent=\skip71
\cftsubsecnumwidth=\skip72
\cftbeforesubsubsecskip=\skip73
\cftsubsubsecindent=\skip74
\cftsubsubsecnumwidth=\skip75
\cftbeforeparaskip=\skip76
\cftparaindent=\skip77
\cftparanumwidth=\skip78
\cftbeforesubparaskip=\skip79
\cftsubparaindent=\skip80
\cftsubparanumwidth=\skip81
\cftbeforeloftitleskip=\skip82
\cftafterloftitleskip=\skip83
\cftbeforefigskip=\skip84
\cftfigindent=\skip85
\cftfignumwidth=\skip86
\cftbeforelottitleskip=\skip87
\cftafterlottitleskip=\skip88
\cftbeforetabskip=\skip89
\cfttabindent=\skip90
\cfttabnumwidth=\skip91
)
(/usr/local/texlive/2025/texmf-dist/tex/latex/xcolor/xcolor.sty
Package: xcolor 2024/09/29 v3.02 LaTeX color extensions (UK)

(/usr/local/texlive/2025/texmf-dist/tex/latex/graphics-cfg/color.cfg
File: color.cfg 2016/01/02 v1.6 sample color configuration
)
Package xcolor Info: Driver file: xetex.def on input line 274.

(/usr/local/texlive/2025/texmf-dist/tex/latex/graphics/mathcolor.ltx)
Package xcolor Info: Model `cmy' substituted by `cmy0' on input line 1349.
Package xcolor Info: Model `RGB' extended on input line 1365.
Package xcolor Info: Model `HTML' substituted by `rgb' on input line 1367.
Package xcolor Info: Model `Hsb' substituted by `hsb' on input line 1368.
Package xcolor Info: Model `tHsb' substituted by `hsb' on input line 1369.
Package xcolor Info: Model `HSB' substituted by `hsb' on input line 1370.
Package xcolor Info: Model `Gray' substituted by `gray' on input line 1371.
Package xcolor Info: Model `wave' substituted by `hsb' on input line 1372.
)
(/usr/local/texlive/2025/texmf-dist/tex/latex/bigints/bigints.sty
Package: bigints 2010/02/15 Writing big integrals
Package bigints Info: This is Bigints by Merciadri Luca. on input line 5.
)
(/usr/local/texlive/2025/texmf-dist/tex/latex/ctex/ctex.sty
(/usr/local/texlive/2025/texmf-dist/tex/latex/l3kernel/expl3.sty
Package: expl3 2025-01-18 L3 programming layer (loader) 

(/usr/local/texlive/2025/texmf-dist/tex/latex/l3backend/l3backend-xetex.def
File: l3backend-xetex.def 2024-05-08 L3 backend support: XeTeX
\g__graphics_track_int=\count298
\l__pdf_internal_box=\box58
\g__pdf_backend_annotation_int=\count299
\g__pdf_backend_link_int=\count300
))
Package: ctex 2022/07/14 v2.5.10 Chinese adapter in LaTeX (CTEX)

(/usr/local/texlive/2025/texmf-dist/tex/latex/ctex/ctexhook.sty
Package: ctexhook 2022/07/14 v2.5.10 Document and package hooks (CTEX)
)
(/usr/local/texlive/2025/texmf-dist/tex/latex/ctex/ctexpatch.sty
Package: ctexpatch 2022/07/14 v2.5.10 Patching commands (CTEX)
)
(/usr/local/texlive/2025/texmf-dist/tex/latex/base/fix-cm.sty
Package: fix-cm 2020/11/24 v1.1t fixes to LaTeX

(/usr/local/texlive/2025/texmf-dist/tex/latex/base/ts1enc.def
File: ts1enc.def 2001/06/05 v3.0e (jk/car/fm) Standard LaTeX file
LaTeX Font Info:    Redeclaring font encoding TS1 on input line 47.
))
\l__ctex_tmp_int=\count301
\l__ctex_tmp_box=\box59
\l__ctex_tmp_dim=\dimen168
\g__ctex_section_depth_int=\count302
\g__ctex_font_size_int=\count303

(/usr/local/texlive/2025/texmf-dist/tex/latex/ctex/config/ctexopts.cfg
File: ctexopts.cfg 2022/07/14 v2.5.10 Option configuration file (CTEX)
)
(/usr/local/texlive/2025/texmf-dist/tex/latex/ctex/engine/ctex-engine-xetex.def
File: ctex-engine-xetex.def 2022/07/14 v2.5.10 XeLaTeX adapter (CTEX)
(/usr/local/texlive/2025/texmf-dist/tex/xelatex/xecjk/xeCJK.sty
Package: xeCJK 2022/08/05 v3.9.1 Typesetting CJK scripts with XeLaTeX

(/usr/local/texlive/2025/texmf-dist/tex/latex/l3packages/xtemplate/xtemplate.st
y
Package: xtemplate 2024-08-16 L3 Experimental prototype document functions
)
\l__xeCJK_tmp_int=\count304
\l__xeCJK_tmp_box=\box60
\l__xeCJK_tmp_dim=\dimen169
\l__xeCJK_tmp_skip=\skip92
\g__xeCJK_space_factor_int=\count305
\l__xeCJK_begin_int=\count306
\l__xeCJK_end_int=\count307
\c__xeCJK_CJK_class_int=\XeTeXcharclass1
\c__xeCJK_FullLeft_class_int=\XeTeXcharclass2
\c__xeCJK_FullRight_class_int=\XeTeXcharclass3
\c__xeCJK_HalfLeft_class_int=\XeTeXcharclass4
\c__xeCJK_HalfRight_class_int=\XeTeXcharclass5
\c__xeCJK_NormalSpace_class_int=\XeTeXcharclass6
\c__xeCJK_CM_class_int=\XeTeXcharclass7
\c__xeCJK_HangulJamo_class_int=\XeTeXcharclass8
\l__xeCJK_last_skip=\skip93
\c__xeCJK_none_node=\count308
\g__xeCJK_node_int=\count309
\c__xeCJK_CJK_node_dim=\dimen170
\c__xeCJK_CJK-space_node_dim=\dimen171
\c__xeCJK_default_node_dim=\dimen172
\c__xeCJK_CJK-widow_node_dim=\dimen173
\c__xeCJK_normalspace_node_dim=\dimen174
\c__xeCJK_default-space_node_skip=\skip94
\l__xeCJK_ccglue_skip=\skip95
\l__xeCJK_ecglue_skip=\skip96
\l__xeCJK_punct_kern_skip=\skip97
\l__xeCJK_indent_box=\box61
\l__xeCJK_last_penalty_int=\count310
\l__xeCJK_last_bound_dim=\dimen175
\l__xeCJK_last_kern_dim=\dimen176
\l__xeCJK_widow_penalty_int=\count311

LaTeX template Info: Declaring template type 'xeCJK/punctuation' taking 0
(template)           argument(s) on line 2396.

\l__xeCJK_fixed_punct_width_dim=\dimen177
\l__xeCJK_mixed_punct_width_dim=\dimen178
\l__xeCJK_middle_punct_width_dim=\dimen179
\l__xeCJK_fixed_margin_width_dim=\dimen180
\l__xeCJK_mixed_margin_width_dim=\dimen181
\l__xeCJK_middle_margin_width_dim=\dimen182
\l__xeCJK_bound_punct_width_dim=\dimen183
\l__xeCJK_bound_margin_width_dim=\dimen184
\l__xeCJK_margin_minimum_dim=\dimen185
\l__xeCJK_kerning_total_width_dim=\dimen186
\l__xeCJK_same_align_margin_dim=\dimen187
\l__xeCJK_different_align_margin_dim=\dimen188
\l__xeCJK_kerning_margin_width_dim=\dimen189
\l__xeCJK_kerning_margin_minimum_dim=\dimen190
\l__xeCJK_bound_dim=\dimen191
\l__xeCJK_reverse_bound_dim=\dimen192
\l__xeCJK_margin_dim=\dimen193
\l__xeCJK_minimum_bound_dim=\dimen194
\l__xeCJK_kerning_margin_dim=\dimen195
\g__xeCJK_family_int=\count312
\l__xeCJK_fam_int=\count313
\g__xeCJK_fam_allocation_int=\count314
\l__xeCJK_verb_case_int=\count315
\l__xeCJK_verb_exspace_skip=\skip98
 (/usr/local/texlive/2025/texmf-dist/tex/latex/fontspec/fontspec.sty
(/usr/local/texlive/2025/texmf-dist/tex/latex/l3packages/xparse/xparse.sty
Package: xparse 2024-08-16 L3 Experimental document command parser
)
Package: fontspec 2024/05/11 v2.9e Font selection for XeLaTeX and LuaLaTeX

(/usr/local/texlive/2025/texmf-dist/tex/latex/fontspec/fontspec-xetex.sty
Package: fontspec-xetex 2024/05/11 v2.9e Font selection for XeLaTeX and LuaLaTe
X
\l__fontspec_script_int=\count316
\l__fontspec_language_int=\count317
\l__fontspec_strnum_int=\count318
\l__fontspec_tmp_int=\count319
\l__fontspec_tmpa_int=\count320
\l__fontspec_tmpb_int=\count321
\l__fontspec_tmpc_int=\count322
\l__fontspec_em_int=\count323
\l__fontspec_emdef_int=\count324
\l__fontspec_strong_int=\count325
\l__fontspec_strongdef_int=\count326
\l__fontspec_tmpa_dim=\dimen196
\l__fontspec_tmpb_dim=\dimen197
\l__fontspec_tmpc_dim=\dimen198

(/usr/local/texlive/2025/texmf-dist/tex/latex/base/fontenc.sty
Package: fontenc 2021/04/29 v2.0v Standard LaTeX package
)
(/usr/local/texlive/2025/texmf-dist/tex/latex/fontspec/fontspec.cfg)))
(/usr/local/texlive/2025/texmf-dist/tex/xelatex/xecjk/xeCJK.cfg
File: xeCJK.cfg 2022/08/05 v3.9.1 Configuration file for xeCJK package
))
\ccwd=\dimen199
\l__ctex_ccglue_skip=\skip99
)
\l__ctex_ziju_dim=\dimen256

(/usr/local/texlive/2025/texmf-dist/tex/latex/zhnumber/zhnumber.sty
Package: zhnumber 2022/07/14 v3.0 Typesetting numbers with Chinese glyphs
\l__zhnum_scale_int=\count327
\l__zhnum_tmp_int=\count328

(/usr/local/texlive/2025/texmf-dist/tex/latex/zhnumber/zhnumber-utf8.cfg
File: zhnumber-utf8.cfg 2022/07/14 v3.0 Chinese numerals with UTF8 encoding
))
(/usr/local/texlive/2025/texmf-dist/tex/latex/ctex/scheme/ctex-scheme-chinese.d
ef
File: ctex-scheme-chinese.def 2022/07/14 v2.5.10 Chinese scheme for generic (CT
EX)
 (/usr/local/texlive/2025/texmf-dist/tex/latex/ctex/config/ctex-name-utf8.cfg
File: ctex-name-utf8.cfg 2022/07/14 v2.5.10 Caption with encoding UTF-8 (CTEX)
)) (/usr/local/texlive/2025/texmf-dist/tex/latex/tools/indentfirst.sty
Package: indentfirst 2023/07/02 v1.03 Indent first paragraph (DPC)
)
(/usr/local/texlive/2025/texmf-dist/tex/latex/ctex/fontset/ctex-fontset-fandol.
def
File: ctex-fontset-fandol.def 2022/07/14 v2.5.10 Fandol fonts definition (CTEX)


Package fontspec Info: 
(fontspec)             Script 'CJK' not explicitly supported within font
(fontspec)             'FandolSong-Regular'. Check the typeset output, and if
(fontspec)             it is okay then ignore this warning. Otherwise a
(fontspec)             different font should be chosen.


Package fontspec Info: 
(fontspec)             Font family 'FandolSong-Regular(0)' created for font
(fontspec)             'FandolSong-Regular' with options
(fontspec)             [Script={CJK},Extension={.otf},BoldFont={FandolSong-Bold
},ItalicFont={FandolKai-Regular}].
(fontspec)              
(fontspec)              This font family consists of the following NFSS
(fontspec)             series/shapes:
(fontspec)              
(fontspec)             - 'normal' (m/n) with NFSS spec.:
(fontspec)             <->"[FandolSong-Regular.otf]/OT:script=hani;language=dfl
t;"
(fontspec)             - 'bold' (b/n) with NFSS spec.:
(fontspec)             <->"[FandolSong-Bold.otf]/OT:script=hani;language=dflt;"

(fontspec)             - 'italic' (m/it) with NFSS spec.:
(fontspec)             <->"[FandolKai-Regular.otf]/OT:script=hani;language=dflt
;"

)) (/usr/local/texlive/2025/texmf-dist/tex/latex/ctex/config/ctex.cfg
File: ctex.cfg 2022/07/14 v2.5.10 Configuration file (CTEX)
)
Package hyperref Info: Option `colorlinks' set `true' on input line 25.

(./defs.tex
\c@outpars=\count329
\c@outgrps=\count330
\hatch=\box62


LaTeX Warning: \oval, \circle, or \line size unavailable on input line 228.


LaTeX Warning: \oval, \circle, or \line size unavailable on input line 228.


LaTeX Warning: \oval, \circle, or \line size unavailable on input line 228.


LaTeX Warning: \oval, \circle, or \line size unavailable on input line 228.

) (./manual_zh.aux (./zh/start_zh.aux) (./zh/intro_zh.aux) (./zh/eqs_zh.aux

LaTeX Warning: Label `Sds_all' multiply defined.


LaTeX Warning: Label `eq:ice1' multiply defined.


LaTeX Warning: Label `eq:ice2' multiply defined.


LaTeX Warning: Label `eq:ice3' multiply defined.


LaTeX Warning: Label `eq:sig_th1' multiply defined.


LaTeX Warning: Label `sub:outpars' multiply defined.

) (./zh/num_zh.aux

LaTeX Warning: Label `sec:basic_num' multiply defined.

) (./zh/run_zh.aux) (./zh/impl_zh.aux) (./zh/sys_zh.aux) (./zh/app/tstep_zh.aux
) (./zh/app/nest_zh.aux) (./zh/app/mpi_zh.aux) (./zh/app/scrip_zh.aux)
(./zh/app/oasis_zh.aux

LaTeX Warning: Label `sec:couplingB' multiply defined.

) (./zh/app/nuopc_zh.aux) (./zh/app/config_zh.aux))
\openout1 = `manual_zh.aux'.

LaTeX Font Info:    Checking defaults for OML/cmm/m/it on input line 45.
LaTeX Font Info:    ... okay on input line 45.
LaTeX Font Info:    Checking defaults for OMS/cmsy/m/n on input line 45.
LaTeX Font Info:    ... okay on input line 45.
LaTeX Font Info:    Checking defaults for OT1/cmr/m/n on input line 45.
LaTeX Font Info:    ... okay on input line 45.
LaTeX Font Info:    Checking defaults for T1/cmr/m/n on input line 45.
LaTeX Font Info:    ... okay on input line 45.
LaTeX Font Info:    Checking defaults for TS1/cmr/m/n on input line 45.
LaTeX Font Info:    ... okay on input line 45.
LaTeX Font Info:    Checking defaults for TU/lmr/m/n on input line 45.
LaTeX Font Info:    ... okay on input line 45.
LaTeX Font Info:    Checking defaults for OMX/cmex/m/n on input line 45.
LaTeX Font Info:    ... okay on input line 45.
LaTeX Font Info:    Checking defaults for U/cmr/m/n on input line 45.
LaTeX Font Info:    ... okay on input line 45.
LaTeX Font Info:    Checking defaults for PD1/pdf/m/n on input line 45.
LaTeX Font Info:    ... okay on input line 45.
LaTeX Font Info:    Checking defaults for PU/pdf/m/n on input line 45.
LaTeX Font Info:    ... okay on input line 45.
LaTeX Info: Redefining \microtypecontext on input line 45.
Package microtype Info: Applying patch `item' on input line 45.
Package microtype Info: Applying patch `toc' on input line 45.
Package microtype Info: Applying patch `eqnum' on input line 45.
Package microtype Info: Applying patch `footnote' on input line 45.
Package microtype Info: Applying patch `verbatim' on input line 45.
LaTeX Info: Redefining \microtypesetup on input line 45.
Package microtype Info: Character protrusion enabled (level 2).
Package microtype Info: Using default protrusion set `alltext'.
Package microtype Info: No adjustment of tracking.
Package microtype Info: No adjustment of spacing.
Package microtype Info: No adjustment of kerning.

(/usr/local/texlive/2025/texmf-dist/tex/latex/microtype/mt-LatinModernRoman.cfg
File: mt-LatinModernRoman.cfg 2021/02/21 v1.1 microtype config. file: Latin Mod
ern Roman (RS)
)
Package hyperref Info: Link coloring ON on input line 45.
 (./manual_zh.out) (./manual_zh.out)
\@outlinefile=\write3
\openout3 = `manual_zh.out'.

Package caption Info: Begin \AtBeginDocument code.
Package caption Info: rotating package is loaded.
Package caption Info: threeparttable package is loaded.
Package caption Info: End \AtBeginDocument code.

Package fontspec Info: 
(fontspec)             Adjusting the maths setup (use [no-math] to avoid
(fontspec)             this).

\symlegacymaths=\mathgroup6
LaTeX Font Info:    Overwriting symbol font `legacymaths' in version `bold'
(Font)                  OT1/cmr/m/n --> OT1/cmr/bx/n on input line 45.
LaTeX Font Info:    Redeclaring math accent \acute on input line 45.
LaTeX Font Info:    Redeclaring math accent \grave on input line 45.
LaTeX Font Info:    Redeclaring math accent \ddot on input line 45.
LaTeX Font Info:    Redeclaring math accent \tilde on input line 45.
LaTeX Font Info:    Redeclaring math accent \bar on input line 45.
LaTeX Font Info:    Redeclaring math accent \breve on input line 45.
LaTeX Font Info:    Redeclaring math accent \check on input line 45.
LaTeX Font Info:    Redeclaring math accent \hat on input line 45.
LaTeX Font Info:    Redeclaring math accent \dot on input line 45.
LaTeX Font Info:    Redeclaring math accent \mathring on input line 45.
LaTeX Font Info:    Redeclaring math symbol \Gamma on input line 45.
LaTeX Font Info:    Redeclaring math symbol \Delta on input line 45.
LaTeX Font Info:    Redeclaring math symbol \Theta on input line 45.
LaTeX Font Info:    Redeclaring math symbol \Lambda on input line 45.
LaTeX Font Info:    Redeclaring math symbol \Xi on input line 45.
LaTeX Font Info:    Redeclaring math symbol \Pi on input line 45.
LaTeX Font Info:    Redeclaring math symbol \Sigma on input line 45.
LaTeX Font Info:    Redeclaring math symbol \Upsilon on input line 45.
LaTeX Font Info:    Redeclaring math symbol \Phi on input line 45.
LaTeX Font Info:    Redeclaring math symbol \Psi on input line 45.
LaTeX Font Info:    Redeclaring math symbol \Omega on input line 45.
LaTeX Font Info:    Redeclaring math symbol \mathdollar on input line 45.
LaTeX Font Info:    Redeclaring symbol font `operators' on input line 45.
LaTeX Font Info:    Encoding `OT1' has changed to `TU' for symbol font
(Font)              `operators' in the math version `normal' on input line 45.
LaTeX Font Info:    Overwriting symbol font `operators' in version `normal'
(Font)                  OT1/cmr/m/n --> TU/lmr/m/n on input line 45.
LaTeX Font Info:    Encoding `OT1' has changed to `TU' for symbol font
(Font)              `operators' in the math version `bold' on input line 45.
LaTeX Font Info:    Overwriting symbol font `operators' in version `bold'
(Font)                  OT1/cmr/bx/n --> TU/lmr/m/n on input line 45.
LaTeX Font Info:    Overwriting symbol font `operators' in version `normal'
(Font)                  TU/lmr/m/n --> TU/lmr/m/n on input line 45.
LaTeX Font Info:    Overwriting math alphabet `\mathit' in version `normal'
(Font)                  OT1/cmr/m/it --> TU/lmr/m/it on input line 45.
LaTeX Font Info:    Overwriting math alphabet `\mathbf' in version `normal'
(Font)                  OT1/cmr/bx/n --> TU/lmr/b/n on input line 45.
LaTeX Font Info:    Overwriting math alphabet `\mathsf' in version `normal'
(Font)                  OT1/cmss/m/n --> TU/lmss/m/n on input line 45.
LaTeX Font Info:    Overwriting math alphabet `\mathtt' in version `normal'
(Font)                  OT1/cmtt/m/n --> TU/lmtt/m/n on input line 45.
LaTeX Font Info:    Overwriting symbol font `operators' in version `bold'
(Font)                  TU/lmr/m/n --> TU/lmr/b/n on input line 45.
LaTeX Font Info:    Overwriting math alphabet `\mathit' in version `bold'
(Font)                  OT1/cmr/bx/it --> TU/lmr/b/it on input line 45.
LaTeX Font Info:    Overwriting math alphabet `\mathsf' in version `bold'
(Font)                  OT1/cmss/bx/n --> TU/lmss/b/n on input line 45.
LaTeX Font Info:    Overwriting math alphabet `\mathtt' in version `bold'
(Font)                  OT1/cmtt/m/n --> TU/lmtt/b/n on input line 45.
\openout2 = `zh/start_zh.aux'.

 (./zh/start_zh.tex
LaTeX Font Info:    Trying to load font information for U+msa on input line 18.


(/usr/local/texlive/2025/texmf-dist/tex/latex/amsfonts/umsa.fd
File: umsa.fd 2013/01/14 v3.01 AMS symbols A
)
(/usr/local/texlive/2025/texmf-dist/tex/latex/microtype/mt-msa.cfg
File: mt-msa.cfg 2006/02/04 v1.1 microtype config. file: AMS symbols (a) (RS)
)
LaTeX Font Info:    Trying to load font information for U+msb on input line 18.


(/usr/local/texlive/2025/texmf-dist/tex/latex/amsfonts/umsb.fd
File: umsb.fd 2013/01/14 v3.01 AMS symbols B
)
(/usr/local/texlive/2025/texmf-dist/tex/latex/microtype/mt-msb.cfg
File: mt-msb.cfg 2005/06/01 v1.0 microtype config. file: AMS symbols (b) (RS)
)
(/usr/local/texlive/2025/texmf-dist/tex/latex/microtype/mt-cmr.cfg
File: mt-cmr.cfg 2013/05/19 v2.2 microtype config. file: Computer Modern Roman 
(RS)
)

LaTeX Font Warning: Font shape `TU/FandolSong-Regular(0)/m/sc' undefined
(Font)              using `TU/FandolSong-Regular(0)/m/n' instead on input line 
35.



[1


]
Overfull \hbox (8.33858pt too wide) in paragraph at lines 42--46
[] 
 []



[2]

[3] (./manual_zh.toc

[1]
Underfull \vbox (badness 1571) has occurred while \output is active []



[2]

Package fontspec Info: 
(fontspec)             Script 'CJK' not explicitly supported within font
(fontspec)             'FandolFang-Regular'. Check the typeset output, and if
(fontspec)             it is okay then ignore this warning. Otherwise a
(fontspec)             different font should be chosen.

Package microtype Info: Loading generic protrusion settings for font family
(microtype)             `lmtt' (encoding: TU).
(microtype)             For optimal results, create family-specific settings.
(microtype)             See the microtype manual for details.

Package fontspec Info: 
(fontspec)             Font family 'FandolFang-Regular(0)' created for font
(fontspec)             'FandolFang-Regular' with options
(fontspec)             [Script={CJK},Extension={.otf}].
(fontspec)              
(fontspec)              This font family consists of the following NFSS
(fontspec)             series/shapes:
(fontspec)              
(fontspec)             - 'normal' (m/n) with NFSS spec.:
(fontspec)             <->"[FandolFang-Regular.otf]/OT:script=hani;language=dfl
t;"



[3]
Underfull \vbox (badness 1571) has occurred while \output is active []



[4]

[5]

Package fontspec Info: 
(fontspec)             Script 'CJK' not explicitly supported within font
(fontspec)             'FandolHei-Regular'. Check the typeset output, and if
(fontspec)             it is okay then ignore this warning. Otherwise a
(fontspec)             different font should be chosen.

Package microtype Info: Loading generic protrusion settings for font family
(microtype)             `lmss' (encoding: TU).
(microtype)             For optimal results, create family-specific settings.
(microtype)             See the microtype manual for details.

Package fontspec Info: 
(fontspec)             Font family 'FandolHei-Regular(0)' created for font
(fontspec)             'FandolHei-Regular' with options
(fontspec)             [Script={CJK},Extension={.otf},BoldFont={FandolHei-Bold}
].
(fontspec)              
(fontspec)              This font family consists of the following NFSS
(fontspec)             series/shapes:
(fontspec)              
(fontspec)             - 'normal' (m/n) with NFSS spec.:
(fontspec)             <->"[FandolHei-Regular.otf]/OT:script=hani;language=dflt
;"
(fontspec)             - 'bold' (b/n) with NFSS spec.:
(fontspec)             <->"[FandolHei-Bold.otf]/OT:script=hani;language=dflt;"


Underfull \vbox (badness 1264) has occurred while \output is active []



[6]

[7]

[8])
\tf@toc=\write4
\openout4 = `manual_zh.toc'.



[9]

[10])
\openout2 = `zh/intro_zh.aux'.

 (./zh/intro_zh.tex (./zh/intro/ww3_zh.tex

[1



]) (./zh/intro/about_zh.tex

[2]

[3]) (./zh/intro/license_zh.tex

[4]

[5]) (./zh/intro/copyright_zh.tex) (./zh/intro/group_zh.tex

Package hyperref Warning: Token not allowed in a PDF string (Unicode):
(hyperref)                removing `\mathsurround' on input line 2.


Package hyperref Warning: Token not allowed in a PDF string (Unicode):
(hyperref)                removing `\z@' on input line 2.


Package hyperref Warning: Token not allowed in a PDF string (Unicode):
(hyperref)                removing `superscript' on input line 2.



[6]
Underfull \hbox (badness 2781) in paragraph at lines 16--19
\TU/FandolSong-Regular(0)/m/n/12 输 入 和 输 出 中 的 \TU/lmr/m/n/12 NetCDF |\TU/Fando
lSong-Regular(0)/m/n/12 （\TU/lmr/m/n/12 ww3_prnc\TU/FandolSong-Regular(0)/m/n/1
2 、| \TU/lmr/m/n/12 ww3_bounc\TU/FandolSong-Regular(0)/m/n/12 、| \TU/lmr/m/n/12
 ww3_ounf\TU/FandolSong-Regular(0)/m/n/12 、|
 []



[7]

[8]

[9]

[10]

[11]) (./zh/intro/ack_zh.tex)

[12])

[13]
\openout2 = `zh/eqs_zh.aux'.

 (./zh/eqs_zh.tex (./zh/eqs/intro_zh.tex

[14



]

[15]) (./zh/eqs/prop_zh.tex

[16]) (./zh/eqs/source_zh.tex

[17]

[18]) (./zh/eqs/NL1_zh.tex

Package hyperref Warning: Token not allowed in a PDF string (Unicode):
(hyperref)                removing `math shift' on input line 21.


Package hyperref Warning: Token not allowed in a PDF string (Unicode):
(hyperref)                removing `subscript' on input line 21.


Package hyperref Warning: Token not allowed in a PDF string (Unicode):
(hyperref)                removing `math shift' on input line 21.



[19]

[20]

[21]

Package hyperref Warning: Token not allowed in a PDF string (Unicode):
(hyperref)                removing `math shift' on input line 167.


Package hyperref Warning: Token not allowed in a PDF string (Unicode):
(hyperref)                removing `subscript' on input line 167.


Package hyperref Warning: Token not allowed in a PDF string (Unicode):
(hyperref)                removing `math shift' on input line 167.


Overfull \hbox (9.94809pt too wide) in paragraph at lines 170--171
[]| [] 
 []


Overfull \hbox (70.87114pt too wide) detected at line 186
[][][]\OML/cmm/m/it/12 S[]\OT1/cmr/m/n/12 (\OML/cmm/m/it/12 ^^[; ^^R\OT1/cmr/m/
n/12 ) = 8 [] [][] [][] [][] \OML/cmm/m/it/12 T[][]^^[[][]^^R[][]^^[[];
 []



[22]) (./zh/eqs/NL2_zh.tex

Package hyperref Warning: Token not allowed in a PDF string (Unicode):
(hyperref)                removing `math shift' on input line 2.


Package hyperref Warning: Token not allowed in a PDF string (Unicode):
(hyperref)                removing `subscript' on input line 2.


Package hyperref Warning: Token not allowed in a PDF string (Unicode):
(hyperref)                removing `math shift' on input line 2.



[23]
Overfull \hbox (6.01965pt too wide) in alignment at lines 33--43
 [][][] []
 []


Package amsmath Warning: Foreign command \over;
(amsmath)                \frac or \genfrac should be used instead
(amsmath)                 on input line 52.



[24]

[25]) (./zh/eqs/NL3_zh.tex

Package hyperref Warning: Token not allowed in a PDF string (Unicode):
(hyperref)                removing `math shift' on input line 2.


Package hyperref Warning: Token not allowed in a PDF string (Unicode):
(hyperref)                removing `subscript' on input line 2.


Package hyperref Warning: Token not allowed in a PDF string (Unicode):
(hyperref)                removing `math shift' on input line 2.



[26]
Underfull \hbox (badness 1895) in paragraph at lines 54--58
  $[]$ \TU/FandolSong-Regular(0)/m/n/12 假 定 $[][] \OT1/cmr/m/n/12 + [][] = [][]
 + [][] = 2[][]$
 []



[27]

[28]) (./zh/eqs/NL4_zh.tex

Package hyperref Warning: Token not allowed in a PDF string (Unicode):
(hyperref)                removing `math shift' on input line 2.


Package hyperref Warning: Token not allowed in a PDF string (Unicode):
(hyperref)                removing `subscript' on input line 2.


Package hyperref Warning: Token not allowed in a PDF string (Unicode):
(hyperref)                removing `math shift' on input line 2.



[29]

[30]

[31]

[32]) (./zh/eqs/NL5_zh.tex

Package hyperref Warning: Token not allowed in a PDF string (Unicode):
(hyperref)                removing `math shift' on input line 2.


Package hyperref Warning: Token not allowed in a PDF string (Unicode):
(hyperref)                removing `subscript' on input line 2.


Package hyperref Warning: Token not allowed in a PDF string (Unicode):
(hyperref)                removing `math shift' on input line 2.



[33]

[34]

[35]

LaTeX Font Warning: Font shape `TU/FandolSong-Regular(0)/b/it' undefined
(Font)              using `TU/FandolSong-Regular(0)/b/n' instead on input line 
79.

) (./zh/eqs/NLS_zh.tex

Package hyperref Warning: Token not allowed in a PDF string (Unicode):
(hyperref)                removing `math shift' on input line 2.


Package hyperref Warning: Token not allowed in a PDF string (Unicode):
(hyperref)                removing `subscript' on input line 2.


Package hyperref Warning: Token not allowed in a PDF string (Unicode):
(hyperref)                removing `math shift' on input line 2.



[36]

[37]) (./zh/eqs/ST1_zh.tex

Package hyperref Warning: Token not allowed in a PDF string (Unicode):
(hyperref)                removing `math shift' on input line 2.


Package hyperref Warning: Token not allowed in a PDF string (Unicode):
(hyperref)                removing `subscript' on input line 2.


Package hyperref Warning: Token not allowed in a PDF string (Unicode):
(hyperref)                removing `subscript' on input line 2.


Package hyperref Warning: Token not allowed in a PDF string (Unicode):
(hyperref)                removing `math shift' on input line 2.



[38]) (./zh/eqs/ST2_zh.tex

Package hyperref Warning: Token not allowed in a PDF string (Unicode):
(hyperref)                removing `math shift' on input line 2.


Package hyperref Warning: Token not allowed in a PDF string (Unicode):
(hyperref)                removing `subscript' on input line 2.


Package hyperref Warning: Token not allowed in a PDF string (Unicode):
(hyperref)                removing `subscript' on input line 2.


Package hyperref Warning: Token not allowed in a PDF string (Unicode):
(hyperref)                removing `math shift' on input line 2.



[39]

[40]

[41]

[42]

[43]

[44]

[45]) (./zh/eqs/ST3_zh.tex

Package hyperref Warning: Token not allowed in a PDF string (Unicode):
(hyperref)                removing `math shift' on input line 2.


Package hyperref Warning: Token not allowed in a PDF string (Unicode):
(hyperref)                removing `subscript' on input line 2.


Package hyperref Warning: Token not allowed in a PDF string (Unicode):
(hyperref)                removing `subscript' on input line 2.


Package hyperref Warning: Token not allowed in a PDF string (Unicode):
(hyperref)                removing `math shift' on input line 2.



[46]
Underfull \vbox (badness 4001) has occurred while \output is active []



[47]

[48]

[49]

[50]) (./zh/eqs/ST4_zh.tex

Package hyperref Warning: Token not allowed in a PDF string (Unicode):
(hyperref)                removing `math shift' on input line 2.


Package hyperref Warning: Token not allowed in a PDF string (Unicode):
(hyperref)                removing `subscript' on input line 2.


Package hyperref Warning: Token not allowed in a PDF string (Unicode):
(hyperref)                removing `subscript' on input line 2.


Package hyperref Warning: Token not allowed in a PDF string (Unicode):
(hyperref)                removing `math shift' on input line 2.



[51]

[52]

[53]

LaTeX Warning: Float too large for page by 13.20045pt on input line 116.



[54]

[55


]

[56]

[57]

[58]

[59]

LaTeX Warning: Float too large for page by 52.90047pt on input line 313.



[60]) (./zh/eqs/ST6_zh.tex

Package hyperref Warning: Token not allowed in a PDF string (Unicode):
(hyperref)                removing `math shift' on input line 2.


Package hyperref Warning: Token not allowed in a PDF string (Unicode):
(hyperref)                removing `subscript' on input line 2.


Package hyperref Warning: Token not allowed in a PDF string (Unicode):
(hyperref)                removing `subscript' on input line 2.


Package hyperref Warning: Token not allowed in a PDF string (Unicode):
(hyperref)                removing `math shift' on input line 2.


Overfull \hbox (51.0001pt too wide) in paragraph at lines 5--6
[]| [] 
 []


Underfull \hbox (badness 6775) in paragraph at lines 32--42
\TU/FandolSong-Regular(0)/m/n/12 在 式 \TU/lmr/m/n/12 ([][]2.145[][])–([][]2.149[
][]) \TU/FandolSong-Regular(0)/m/n/12 中，| $\OML/cmm/m/it/12 ^^Z[]$ \TU/FandolSo
ng-Regular(0)/m/n/12 和 $\OML/cmm/m/it/12 ^^Z[]$ \TU/FandolSong-Regular(0)/m/n/1
2 分 别 为 空 气 和 水 的 密 度，| $\OML/cmm/m/it/12 U[]$
 []


Underfull \hbox (badness 10000) in paragraph at lines 32--42
\TU/FandolSong-Regular(0)/m/n/12 为 尺 度 风 速，| $\OML/cmm/m/it/12 c$ \TU/FandolSon
g-Regular(0)/m/n/12 表 示 波 相 速，| $\OML/cmm/m/it/12 ^^[$ \TU/FandolSong-Regular(0
)/m/n/12 为 弧 频 率，| $\OML/cmm/m/it/12 k$ \TU/FandolSong-Regular(0)/m/n/12 为 波 数。
| [][]\TU/lmr/m/n/12 Phillips[][]
 []


Underfull \hbox (badness 6876) in paragraph at lines 32--42
\TU/lmr/m/n/12 ([][]1984[][]) \TU/FandolSong-Regular(0)/m/n/12 引 入 的 谱 饱 和 度 \T
U/lmr/m/n/12 ([][]2.148[][]) \TU/FandolSong-Regular(0)/m/n/12 是 波 陡 $\OML/cmm/m
/it/12 ak$ \TU/FandolSong-Regular(0)/m/n/12 的 谱 度 量。|  全 方 向
 []


Underfull \hbox (badness 10000) in paragraph at lines 32--42
\TU/FandolSong-Regular(0)/m/n/12 作 用 量 密 度 通 过 对 所 有 方 向 积 分 得 到：| $\OML/cmm/m/
it/12 N\OT1/cmr/m/n/12 (\OML/cmm/m/it/12 k\OT1/cmr/m/n/12 ) = [] \OML/cmm/m/it/
12 N\OT1/cmr/m/n/12 (\OML/cmm/m/it/12 k; ^^R\OT1/cmr/m/n/12 )\OML/cmm/m/it/12 d
^^R$\TU/FandolSong-Regular(0)/m/n/12 。|
 []


Underfull \hbox (badness 10000) in paragraph at lines 32--42
\TU/FandolSong-Regular(0)/m/n/12 方 向 谱 狭 窄 度 的 倒 数 $\OML/cmm/m/it/12 A\OT1/cmr/
m/n/12 (\OML/cmm/m/it/12 k\OT1/cmr/m/n/12 )$ \TU/FandolSong-Regular(0)/m/n/12 定
 义 为
 []


Underfull \hbox (badness 2261) in paragraph at lines 32--42
\OML/cmm/m/it/12 A[]\OT1/cmr/m/n/12 (\OML/cmm/m/it/12 k\OT1/cmr/m/n/12 ) =$ $[]
[][[]/[]]\OML/cmm/m/it/12 d^^R$\TU/FandolSong-Regular(0)/m/n/12 ，|  其 中 $\OML/c
mm/m/it/12 N[]\OT1/cmr/m/n/12 (\OML/cmm/m/it/12 k\OT1/cmr/m/n/12 ) = [][]\OML/c
mm/m/it/12 N\OT1/cmr/m/n/12 (\OML/cmm/m/it/12 k; ^^R\OT1/cmr/m/n/12 )[]$\TU/Fan
dolSong-Regular(0)/m/n/12 ，|
 []



[61


]

[62]
Underfull \hbox (badness 1142) in paragraph at lines 120--131
\TU/FandolSong-Regular(0)/m/n/12 了 若 干 新 特 征：| \TU/lmr/m/n/12 (i) \TU/FandolSon
g-Regular(0)/m/n/12 波 浪 破 碎 的 阈 值 行 为 \TU/lmr/m/n/12 ([][]Babanin et al.[][], [
][]2001[][])\TU/FandolSong-Regular(0)/m/n/12 。|  波
 []


Underfull \hbox (badness 1038) in paragraph at lines 120--131
\TU/FandolSong-Regular(0)/m/n/12 阈 值 波 陡 的 程 度。|  低 于 临 界 阈 值 的 波，|  白 帽 耗 散 为 
零。| \TU/lmr/m/n/12 (ii) \TU/FandolSong-Regular(0)/m/n/12 由 于 长 波
 []



[63]

[64]
Underfull \vbox (badness 10000) has occurred while \output is active []



[65]

[66]

[67]

[68]) (./zh/eqs/LN1_zh.tex

Package hyperref Warning: Token not allowed in a PDF string (Unicode):
(hyperref)                removing `math shift' on input line 2.


Package hyperref Warning: Token not allowed in a PDF string (Unicode):
(hyperref)                removing `subscript' on input line 2.


Package hyperref Warning: Token not allowed in a PDF string (Unicode):
(hyperref)                removing `math shift' on input line 2.



[69]) (./zh/eqs/BT1_zh.tex

Package hyperref Warning: Token not allowed in a PDF string (Unicode):
(hyperref)                removing `math shift' on input line 2.


Package hyperref Warning: Token not allowed in a PDF string (Unicode):
(hyperref)                removing `subscript' on input line 2.


Package hyperref Warning: Token not allowed in a PDF string (Unicode):
(hyperref)                removing `math shift' on input line 2.

) (./zh/eqs/BT4_zh.tex

Package hyperref Warning: Token not allowed in a PDF string (Unicode):
(hyperref)                removing `math shift' on input line 2.


Package hyperref Warning: Token not allowed in a PDF string (Unicode):
(hyperref)                removing `subscript' on input line 2.


Package hyperref Warning: Token not allowed in a PDF string (Unicode):
(hyperref)                removing `math shift' on input line 2.


Underfull \vbox (badness 2042) has occurred while \output is active []



[70]

[71]) (./zh/eqs/BT8_zh.tex

Package hyperref Warning: Token not allowed in a PDF string (Unicode):
(hyperref)                removing `math shift' on input line 2.


Package hyperref Warning: Token not allowed in a PDF string (Unicode):
(hyperref)                removing `subscript' on input line 2.


Package hyperref Warning: Token not allowed in a PDF string (Unicode):
(hyperref)                removing `math shift' on input line 2.



[72]

[73]) (./zh/eqs/BT9_zh.tex

Package hyperref Warning: Token not allowed in a PDF string (Unicode):
(hyperref)                removing `math shift' on input line 2.


Package hyperref Warning: Token not allowed in a PDF string (Unicode):
(hyperref)                removing `subscript' on input line 2.


Package hyperref Warning: Token not allowed in a PDF string (Unicode):
(hyperref)                removing `math shift' on input line 2.

) (./zh/eqs/DB1_zh.tex

[74]

Package hyperref Warning: Token not allowed in a PDF string (Unicode):
(hyperref)                removing `math shift' on input line 2.


Package hyperref Warning: Token not allowed in a PDF string (Unicode):
(hyperref)                removing `subscript' on input line 2.


Package hyperref Warning: Token not allowed in a PDF string (Unicode):
(hyperref)                removing `math shift' on input line 2.



[75]) (./zh/eqs/TR1_zh.tex

Package hyperref Warning: Token not allowed in a PDF string (Unicode):
(hyperref)                removing `math shift' on input line 2.


Package hyperref Warning: Token not allowed in a PDF string (Unicode):
(hyperref)                removing `subscript' on input line 2.


Package hyperref Warning: Token not allowed in a PDF string (Unicode):
(hyperref)                removing `math shift' on input line 2.



[76]

[77]) (./zh/eqs/BS1_zh.tex

Package hyperref Warning: Token not allowed in a PDF string (Unicode):
(hyperref)                removing `math shift' on input line 2.


Package hyperref Warning: Token not allowed in a PDF string (Unicode):
(hyperref)                removing `subscript' on input line 2.


Package hyperref Warning: Token not allowed in a PDF string (Unicode):
(hyperref)                removing `math shift' on input line 2.



[78]) (./zh/eqs/UOST_zh.tex

Package hyperref Warning: Token not allowed in a PDF string (Unicode):
(hyperref)                removing `math shift' on input line 2.


Package hyperref Warning: Token not allowed in a PDF string (Unicode):
(hyperref)                removing `subscript' on input line 2.


Package hyperref Warning: Token not allowed in a PDF string (Unicode):
(hyperref)                removing `math shift' on input line 2.



[79]
Missing character: There is no ^^M (U+000D) in font [lmromancaps10-regular]:map
ping=tex-text;!

Underfull \vbox (badness 2368) has occurred while \output is active []



[80]
File: ./eqs/UOST.eps Graphic file (type eps)
<./eqs/UOST.eps>

Missing character: There is no ^^M (U+000D) in font [lmromancaps10-regular]:map
ping=tex-text;!
Missing character: There is no ^^M (U+000D) in font [lmromancaps10-regular]:map
ping=tex-text;!

Underfull \hbox (badness 10000) in paragraph at lines 60--71
[]\TU/FandolSong-Regular(0)/b/n/12 网 格 参 数 的 自 动 生 成。|  \TU/FandolSong-Regular(
0)/m/n/12 开 源 \TU/lmr/m/n/12 python \TU/FandolSong-Regular(0)/m/n/12 包 \TU/lmr/
m/n/12 alphaBetaLab
 []


Underfull \hbox (badness 10000) in paragraph at lines 60--71
|\TU/FandolSong-Regular(0)/m/n/12 （\TU/lmr/m/n/12 https://github.com/menta78/al
phaBetaLab\TU/FandolSong-Regular(0)/m/n/12 ）|  已 被 开 发，|  用 于 从 真 实
 []



[81]

[82]
Overfull \hbox (2.44899pt too wide) in paragraph at lines 90--90
[]\TU/lmr/m/n/10 UOSTFACTORSHADOW| 
 []

) (./zh/eqs/XXn_zh.tex

Package hyperref Warning: Token not allowed in a PDF string (Unicode):
(hyperref)                removing `math shift' on input line 2.


Package hyperref Warning: Token not allowed in a PDF string (Unicode):
(hyperref)                removing `subscript' on input line 2.


Package hyperref Warning: Token not allowed in a PDF string (Unicode):
(hyperref)                removing `math shift' on input line 2.

) (./zh/eqs/sourceice_zh.tex

[83]

[84]
Underfull \hbox (badness 10000) in paragraph at lines 80--85
[]$[]$ \TU/FandolSong-Regular(0)/m/n/12 使 用
 []

) (./zh/eqs/ICE1_zh.tex

[85]

Package hyperref Warning: Token not allowed in a PDF string (Unicode):
(hyperref)                removing `math shift' on input line 2.


Package hyperref Warning: Token not allowed in a PDF string (Unicode):
(hyperref)                removing `subscript' on input line 2.


Package hyperref Warning: Token not allowed in a PDF string (Unicode):
(hyperref)                removing `math shift' on input line 2.

) (./zh/eqs/ICE2_zh.tex

Package hyperref Warning: Token not allowed in a PDF string (Unicode):
(hyperref)                removing `math shift' on input line 2.


Package hyperref Warning: Token not allowed in a PDF string (Unicode):
(hyperref)                removing `subscript' on input line 2.


Package hyperref Warning: Token not allowed in a PDF string (Unicode):
(hyperref)                removing `math shift' on input line 2.


Underfull \hbox (badness 1571) in paragraph at lines 7--11
\TU/FandolSong-Regular(0)/m/n/12 这 种 表 示 波\TU/lmr/m/n/12 -\TU/FandolSong-Regula
r(0)/m/n/12 冰 相 互 作 用 导 致 波 能 耗 散 的 方 法，|  基 于 [][]\TU/lmr/m/n/12 Liu and Mollo
-
 []



[86]

[87]) (./zh/eqs/ICE3_zh.tex

Package hyperref Warning: Token not allowed in a PDF string (Unicode):
(hyperref)                removing `math shift' on input line 2.


Package hyperref Warning: Token not allowed in a PDF string (Unicode):
(hyperref)                removing `subscript' on input line 2.


Package hyperref Warning: Token not allowed in a PDF string (Unicode):
(hyperref)                removing `math shift' on input line 2.


Underfull \hbox (badness 10000) in paragraph at lines 7--14
\TU/FandolSong-Regular(0)/m/n/12 第 三 种 表 示 波\TU/lmr/m/n/12 -\TU/FandolSong-Regu
lar(0)/m/n/12 冰 相 互 作 用 的 方 法 来 自
 []



[88]

[89]
Underfull \hbox (badness 10000) in paragraph at lines 60--64

 []



[90]) (./zh/eqs/ICE4_zh.tex

Package hyperref Warning: Token not allowed in a PDF string (Unicode):
(hyperref)                removing `math shift' on input line 2.


Package hyperref Warning: Token not allowed in a PDF string (Unicode):
(hyperref)                removing `subscript' on input line 2.


Package hyperref Warning: Token not allowed in a PDF string (Unicode):
(hyperref)                removing `math shift' on input line 2.



[91]

[92]

[93]

[94]) (./zh/eqs/ICE5_zh.tex

Package hyperref Warning: Token not allowed in a PDF string (Unicode):
(hyperref)                removing `math shift' on input line 2.


Package hyperref Warning: Token not allowed in a PDF string (Unicode):
(hyperref)                removing `subscript' on input line 2.


Package hyperref Warning: Token not allowed in a PDF string (Unicode):
(hyperref)                removing `math shift' on input line 2.



[95]

[96]) (./zh/eqs/IS1_zh.tex

Package hyperref Warning: Token not allowed in a PDF string (Unicode):
(hyperref)                removing `math shift' on input line 2.


Package hyperref Warning: Token not allowed in a PDF string (Unicode):
(hyperref)                removing `subscript' on input line 2.


Package hyperref Warning: Token not allowed in a PDF string (Unicode):
(hyperref)                removing `math shift' on input line 2.


Underfull \vbox (badness 10000) has occurred while \output is active []



[97]) (./zh/eqs/IS2_zh.tex

Package hyperref Warning: Token not allowed in a PDF string (Unicode):
(hyperref)                removing `math shift' on input line 2.


Package hyperref Warning: Token not allowed in a PDF string (Unicode):
(hyperref)                removing `subscript' on input line 2.


Package hyperref Warning: Token not allowed in a PDF string (Unicode):
(hyperref)                removing `math shift' on input line 2.


Overfull \hbox (34.28407pt too wide) in paragraph at lines 5--6
[]| [] 
 []



[98]
Underfull \hbox (badness 10000) in paragraph at lines 14--16

 []


Underfull \hbox (badness 10000) in paragraph at lines 21--23

 []


Underfull \hbox (badness 10000) in paragraph at lines 31--33

 []



[99]
Underfull \hbox (badness 10000) in paragraph at lines 41--42

 []


Underfull \hbox (badness 10000) in paragraph at lines 57--59

 []



[100]
Underfull \hbox (badness 10000) in paragraph at lines 76--78

 []



[101]
Underfull \hbox (badness 10000) in paragraph at lines 96--98

 []


Overfull \hbox (68.27495pt too wide) in paragraph at lines 123--152
[][]
 []


Underfull \hbox (badness 10000) in paragraph at lines 123--152

 []


Underfull \vbox (badness 2617) has occurred while \output is active []



[102]) (./zh/eqs/REF1_zh.tex

Package hyperref Warning: Token not allowed in a PDF string (Unicode):
(hyperref)                removing `math shift' on input line 2.


Package hyperref Warning: Token not allowed in a PDF string (Unicode):
(hyperref)                removing `subscript' on input line 2.


Package hyperref Warning: Token not allowed in a PDF string (Unicode):
(hyperref)                removing `math shift' on input line 2.


Underfull \vbox (badness 4726) has occurred while \output is active []



[103]
Overfull \hbox (0.66638pt too wide) detected at line 21
[][][]\OMS/cmsy/m/n/12 S[]\OT1/cmr/m/n/12 (\OML/cmm/m/it/12 k; ^^R\OT1/cmr/m/n/
12 ) = [] \OML/cmm/m/it/12 R[]\OT1/cmr/m/n/12 (\OML/cmm/m/it/12 k; ^^R; ^^R[]\O
T1/cmr/m/n/12 )[] [] \OML/cmm/m/it/12 N\OT1/cmr/m/n/12 (\OML/cmm/m/it/12 k; ^^R
[]\OT1/cmr/m/n/12 )[]\OML/cmm/m/it/12 ^^R[] ;
 []



[104]
File: ./num/coast_reflection.eps Graphic file (type eps)
<./num/coast_reflection.eps>
) (./zh/eqs/IG1_zh.tex

[105]
Underfull \vbox (badness 1590) has occurred while \output is active []



[106]
Underfull \vbox (badness 10000) has occurred while \output is active []



[107]) (./zh/eqs/airseaprocesses_zh.tex
Underfull \vbox (badness 10000) has occurred while \output is active []



[108]
Underfull \vbox (badness 3724) has occurred while \output is active []



[109]) (./zh/eqs/FLD1_zh.tex

Package hyperref Warning: Token not allowed in a PDF string (Unicode):
(hyperref)                removing `math shift' on input line 2.


Package hyperref Warning: Token not allowed in a PDF string (Unicode):
(hyperref)                removing `\tau' on input line 2.


Package hyperref Warning: Token not allowed in a PDF string (Unicode):
(hyperref)                removing `math shift' on input line 2.



[110]

[111]) (./zh/eqs/FLD2_zh.tex

Package hyperref Warning: Token not allowed in a PDF string (Unicode):
(hyperref)                removing `math shift' on input line 2.


Package hyperref Warning: Token not allowed in a PDF string (Unicode):
(hyperref)                removing `\tau' on input line 2.


Package hyperref Warning: Token not allowed in a PDF string (Unicode):
(hyperref)                removing `math shift' on input line 2.



[112]) (./zh/eqs/output_zh.tex

[113]

[114]

[115]

[116]

[117]

[118]

[119]

[120]

[121]) (./zh/eqs/derived_zh.tex

[122]
Underfull \hbox (badness 10000) in paragraph at lines 17--19
\TU/lmtt/m/n/12 usf(IK)= SUM( E(IK,ITH)*ECOS(ITH)*DTH(ITH)
 []


Underfull \hbox (badness 10000) in paragraph at lines 20--21
[]\TU/lmtt/m/n/12 vsf(IK)= SUM( E(IK,ITH)*ESIN(ITH)*DTH(ITH)
 []


Underfull \hbox (badness 1184) in paragraph at lines 26--28
[]\TU/lmr/m/n/12 Us(z)= SUMIK=I1,I2 ( usf(IK) * FACT2(z,KD)*DF(IK)) Vs(z)=
 []

)

[123])

[124]
\openout2 = `zh/num_zh.aux'.

 (./zh/num_zh.tex (./zh/num/basics_zh.tex

[125



]

[126]) (./zh/num/depth_zh.tex
Underfull \vbox (badness 10000) has occurred while \output is active []



[127]) (./zh/num/space_zh.tex

[128]) (./zh/num/space_trad_zh.tex

[129]) (./zh/num/space_trad_1_zh.tex

Package hyperref Warning: Token not allowed in a PDF string (Unicode):
(hyperref)                removing `\unhcopy' on input line 1.


Package hyperref Warning: Token not allowed in a PDF string (Unicode):
(hyperref)                removing `\strutbox' on input line 1.


Underfull \hbox (badness 1163) in paragraph at lines 9--11
\TU/FandolSong-Regular(0)/m/n/12 模 式 中 包 含 了 一 个 简 单 而 低 成 本 的 一 阶 迎 风 格 式，|  主
 要 用 于 \TU/lmr/m/n/12 WAVE-
 []



[130]) (./zh/num/space_trad_2_zh.tex

Package hyperref Warning: Token not allowed in a PDF string (Unicode):
(hyperref)                removing `\unhcopy' on input line 2.


Package hyperref Warning: Token not allowed in a PDF string (Unicode):
(hyperref)                removing `\strutbox' on input line 2.



[131]) (./zh/num/space_trad_3_zh.tex

Package hyperref Warning: Token not allowed in a PDF string (Unicode):
(hyperref)                removing `\unhcopy' on input line 1.


Package hyperref Warning: Token not allowed in a PDF string (Unicode):
(hyperref)                removing `\strutbox' on input line 1.



[132]

[133]) (./zh/num/space_curv_zh.tex

[134]) (./zh/num/space_tri_zh.tex
Overfull \hbox (5.91608pt too wide) in paragraph at lines 3--4
[]| [] 
 []



[135]
Underfull \vbox (badness 10000) has occurred while \output is active []



[136]
Underfull \vbox (badness 1024) has occurred while \output is active []



[137]
File: ./num/grid_triangles.eps Graphic file (type eps)
<./num/grid_triangles.eps>
File: ./num/DDvsCD.eps Graphic file (type eps)
<./num/DDvsCD.eps>


LaTeX Warning: Float too large for page by 32.54181pt on input line 41.

) (./zh/num/space_SMC_zh.tex
Underfull \vbox (badness 10000) has occurred while \output is active []



[138]

[139]
Underfull \vbox (badness 3989) has occurred while \output is active []



[140]
File: ./num/smcelary.eps Graphic file (type eps)
<./num/smcelary.eps>

Underfull \vbox (badness 2435) has occurred while \output is active []



[141]
File: ./num/JCP_Fig2_GArc.eps Graphic file (type eps)
<./num/JCP_Fig2_GArc.eps>

Underfull \vbox (badness 3428) has occurred while \output is active []



[142]

[143]
Underfull \vbox (badness 2435) has occurred while \output is active []



[144]) (./zh/num/GSE_zh.tex) (./zh/num/GSE_null_zh.tex

Package hyperref Warning: Token not allowed in a PDF string (Unicode):
(hyperref)                removing `\unhcopy' on input line 1.


Package hyperref Warning: Token not allowed in a PDF string (Unicode):
(hyperref)                removing `\strutbox' on input line 1.



[145])

[146] (./zh/num/GSE_BH_zh.tex

Package hyperref Warning: Token not allowed in a PDF string (Unicode):
(hyperref)                removing `\unhcopy' on input line 1.


Package hyperref Warning: Token not allowed in a PDF string (Unicode):
(hyperref)                removing `\strutbox' on input line 1.



[147]

[148])

[149] (./zh/num/GSE_avg_zh.tex

Package hyperref Warning: Token not allowed in a PDF string (Unicode):
(hyperref)                removing `\unhcopy' on input line 1.


Package hyperref Warning: Token not allowed in a PDF string (Unicode):
(hyperref)                removing `\strutbox' on input line 1.

File: ./num/GSE_1.eps Graphic file (type eps)
<./num/GSE_1.eps>


[150])

[151] (./zh/num/obst_zh.tex
File: ./num/obstr.eps Graphic file (type eps)
<./num/obstr.eps>


[152]) (./zh/num/move_zh.tex

Package hyperref Warning: Token not allowed in a PDF string (Unicode):
(hyperref)                removing `\unhcopy' on input line 5.


Package hyperref Warning: Token not allowed in a PDF string (Unicode):
(hyperref)                removing `\strutbox' on input line 5.



[153]

[154]) (./zh/num/rotagrid_zh.tex

[155]

[156]) (./zh/num/spec_zh.tex

[157]) (./zh/num/spec_1up_zh.tex

[158]) (./zh/num/spec_uno_zh.tex

[159]) (./zh/num/spec_uq_zh.tex

[160]) (./zh/num/source_zh.tex

[161]

[162]

[163]

[164]) (./zh/num/ice_zh.tex

[165]) (./zh/num/w_c_zh.tex

[166]) (./zh/num/tide_zh.tex

[167]) (./zh/num/space_time_ext_zh.tex
Underfull \hbox (badness 10000) in paragraph at lines 15--2
[]\TU/FandolSong-Regular(0)/m/n/12 在 \TU/lmss/m/n/12 ww3_prtide \TU/FandolSong-
Regular(0)/m/n/12 中，|  还 会 对 潮 汐 分 潮 值 进 行 质 量 检 查：|  可 在
 []


Underfull \hbox (badness 1365) in paragraph at lines 15--2
\TU/lmss/m/n/12 ww3_prtide.inp \TU/FandolSong-Regular(0)/m/n/12 中 为 某 些 分 潮 定 义
 不 现 实 的 大 振 幅 阈 值。|  对 于 超 过 这
 []


Underfull \vbox (badness 2698) has occurred while \output is active []



[168]

[169]

LaTeX Warning: `h' float specifier changed to `ht'.

) (./zh/num/part_zh.tex

[170]

[171]
File: ./num/partition1.eps Graphic file (type eps)
<./num/partition1.eps>


[172]

[173]

[174]) (./zh/num/track_zh.tex
Underfull \vbox (badness 10000) has occurred while \output is active []



[175]
File: ./num/wavetrack.eps Graphic file (type eps)
<./num/wavetrack.eps>


[176]) (./zh/num/nest_zh.tex

[177] (./zh/num/fig_nest1_zh.tex)

[178] (./zh/num/fig_nest2_zh.tex)

[179] (./zh/num/fig_nest3_zh.tex)

[180]
Underfull \vbox (badness 10000) has occurred while \output is active []



[181]))

[182]
\openout2 = `zh/run_zh.aux'.

 (./zh/run_zh.tex (./zh/run/design_zh.tex
LaTeX Font Info:    Font shape `TU/lmss/m/it' in size <12> not available
(Font)              Font shape `TU/lmss/m/sl' tried instead on input line 11.

Underfull \hbox (badness 5022) in paragraph at lines 11--12
[]\TU/FandolSong-Regular(0)/m/n/12 波 浪 模 式 例 程  |（\TU/lmr/m/sc/12 w3wave\TU/Fan
dolSong-Regular(0)/m/n/12 ）|  可 选 地 生 成 最 多 \TU/lmr/m/n/12 9 \TU/FandolSong-Reg
ular(0)/m/n/12 个 重 启 动 文 件
 []


Underfull \vbox (badness 1748) has occurred while \output is active []



[183



] (./zh/run/fig_flow_zh.tex)) (./zh/run/core_zh.tex

[184]

[185] (./zh/run/fig_log_zh.tex)
Underfull \vbox (badness 4120) has occurred while \output is active []



[186]) (./zh/run/das_zh.tex
Underfull \hbox (badness 10000) in paragraph at lines 5--6
[]\TU/FandolSong-Regular(0)/m/n/12 如 上 所 述，|  波 浪 模 式 子 程 序 还 配 有 一 个 数 据 同 化 接
 口 例 程
 []


Underfull \hbox (badness 1831) in paragraph at lines 5--6
|\TU/FandolSong-Regular(0)/m/n/12 （\TU/lmss/m/n/12 w3wdasmd.ftn \TU/FandolSong-
Regular(0)/m/n/12 中 的 \TU/lmr/m/sc/12 w3wdas\TU/FandolSong-Regular(0)/m/n/12 ） 
。|  该 例 程 集 成 在 独 立 壳 中  |（见 \TU/lmr/m/n/12 Sec-
 []



[187]) (./zh/run/sup_zh.tex

[188]

[189]
Underfull \hbox (badness 10000) in paragraph at lines 38--42
[] \TU/FandolSong-Regular(0)/m/n/12 示 例 输 入 文 件 开 始  |（传 统 形 式）|
 []


Underfull \hbox (badness 10000) in paragraph at lines 61--63
[] \TU/FandolSong-Regular(0)/m/n/12 示 例 输 入 文 件 结 束  |（传 统 形 式）|
 []


Underfull \hbox (badness 10000) in paragraph at lines 64--68
[] \TU/FandolSong-Regular(0)/m/n/12 示 例 输 入 文 件 开 始  |（\TU/lmr/m/n/12 namelist 
\TU/FandolSong-Regular(0)/m/n/12 形 式）|
 []



[190]
Underfull \hbox (badness 10000) in paragraph at lines 93--95
[] \TU/FandolSong-Regular(0)/m/n/12 示 例 输 入 文 件 结 束  |（\TU/lmr/m/n/12 namelist 
\TU/FandolSong-Regular(0)/m/n/12 形 式）|
 []

)

[191] (./zh/run/ww3_grid_zh.tex
Overfull \hbox (3.47902pt too wide) in paragraph at lines 14--14
[]\TU/lmss/m/n/12 ww3_grid.scratch 
 []


Underfull \hbox (badness 1360) in paragraph at lines 5--15
[] [] [] [] []
 []


Underfull \hbox (badness 1360) in paragraph at lines 5--15
[] [] [] [] []
 []

)

[192] (./zh/run/ww3_strt_zh.tex
Underfull \hbox (badness 1360) in paragraph at lines 5--10
[] [] [] [] []
 []

)

[193] (./zh/run/ww3_bound_zh.tex
Overfull \hbox (5.52412pt too wide) in paragraph at lines 5--5
[]\TU/lmss/m/n/12 ww3_bound.ftn 
 []


Underfull \hbox (badness 1360) in paragraph at lines 5--11
[] [] [] [] []
 []

)

[194] (./zh/run/ww3_bounc_zh.tex
Overfull \hbox (4.72012pt too wide) in paragraph at lines 5--5
[]\TU/lmss/m/n/12 ww3_bounc.ftn 
 []


Underfull \hbox (badness 1360) in paragraph at lines 5--12
[] [] [] [] []
 []


Underfull \hbox (badness 1360) in paragraph at lines 5--12
[] [] [] [] []
 []

)

[195] (./zh/run/ww3_prep_zh.tex
Underfull \hbox (badness 1360) in paragraph at lines 5--17
[] [] [] [] []
 []

)

[196] (./zh/run/ww3_prnc_zh.tex
Underfull \hbox (badness 1360) in paragraph at lines 5--18
[] [] [] [] []
 []


Underfull \hbox (badness 1360) in paragraph at lines 5--18
[] [] [] [] []
 []

)

[197] (./zh/run/ww3_prtide_zh.tex
Overfull \hbox (3.17212pt too wide) in paragraph at lines 5--5
[]\TU/lmss/m/n/12 ww3_prtide.ftn 
 []


Overfull \hbox (3.35902pt too wide) in paragraph at lines 8--8
[]\TU/lmss/m/n/12 current.ww3_tide
 []


Underfull \hbox (badness 10000) in paragraph at lines 8--8
\TU/lmss/m/n/12 or
 []


Underfull \hbox (badness 10000) in paragraph at lines 10--10
[]\TU/lmss/m/n/12 current.ww3 or
 []


Underfull \hbox (badness 1360) in paragraph at lines 5--11
[] [] [] [] []
 []

)

[198] (./zh/run/ww3_shel_zh.tex
Underfull \hbox (badness 5077) in paragraph at lines 20--20
[]\TU/FandolSong-Regular(0)/m/n/12 波 浪 模 式 的 输 出 日 志  |（见 \TU/lmr/m/n/12 Sec-
 []


Overfull \hbox (3.32301pt too wide) in paragraph at lines 27--27
[]\TU/lmss/m/n/12 ww3_shel.scratch 
 []


Underfull \hbox (badness 1360) in paragraph at lines 5--28
[] [] [] [] []
 []


Underfull \hbox (badness 1360) in paragraph at lines 5--28
[] [] [] [] []
 []

)
Underfull \vbox (badness 10000) has occurred while \output is active []



[199]

[200] (./zh/run/ww3_gspl_zh.tex
Overfull \hbox (1.12703pt too wide) in paragraph at lines 14--14
[]\TU/lmss/m/n/12 ww3_multi.\TU/lmr/m/it/12 xxx\TU/lmss/m/n/12 .\TU/lmr/m/it/12
 n 
 []


Underfull \hbox (badness 1360) in paragraph at lines 5--17
[] [] [] [] []
 []



[201] (./zh/run/fig_gspl_zh.tex)

[202]) (./zh/run/ww3_multi_zh.tex
Underfull \hbox (badness 1360) in paragraph at lines 5--11
[] [] [] [] []
 []


Underfull \hbox (badness 1360) in paragraph at lines 5--11
[] [] [] [] []
 []


Underfull \hbox (badness 1648) in paragraph at lines 13--15
\TU/FandolSong-Regular(0)/m/n/12 该 波 浪 模 式 程 序 需 要 并 产 生 大 量 输 入 和 输 出 文 件，|  这
 些 文 件 与 \TU/lmr/m/n/12 Sec-
 []

)

[203

] (./zh/run/ww3_gint_zh.tex
Underfull \hbox (badness 2376) in paragraph at lines 6--6
[]\TU/FandolSong-Regular(0)/m/n/12 基 准 网 格 和 目 标 网 格 的 \TU/lmr/m/n/12 WAVE-
 []


Underfull \hbox (badness 1360) in paragraph at lines 4--10
[] [] [] [] []
 []

)

[204] (./zh/run/ww3_outf_zh.tex
Underfull \hbox (badness 1360) in paragraph at lines 5--11
[] [] [] [] []
 []

)

[205] (./zh/run/ww3_ounf_zh.tex
Underfull \hbox (badness 1360) in paragraph at lines 5--14
[] [] [] [] []
 []


Underfull \hbox (badness 1360) in paragraph at lines 5--14
[] [] [] [] []
 []



[206]

[207]

[208]

[209]
Underfull \vbox (badness 10000) has occurred while \output is active []



[210]
Underfull \hbox (badness 10000) in paragraph at lines 187--189
\TU/lmtt/m/n/12 forecast_reference_time \TU/FandolSong-Regular(0)/m/n/12 默 认 为 
\TU/lmr/m/n/12 ww3_ounf.nml \TU/FandolSong-Regular(0)/m/n/12 中 指 定 的
 []


Underfull \hbox (badness 1418) in paragraph at lines 187--189
\TU/lmtt/m/n/12 TIMESTART\TU/FandolSong-Regular(0)/m/n/12 。|  不 过，|  模 式 运 行 可 
能 包 含 某 种 后 报 时 段；|  在 这 种 情 况 下，|
 []

)

[211] (./zh/run/gx_outf_zh.tex
Underfull \hbox (badness 1360) in paragraph at lines 5--12
[] [] [] [] []
 []

)

[212] (./zh/run/ww3_grib_zh.tex
Underfull \hbox (badness 1360) in paragraph at lines 5--11
[] [] [] [] []
 []



[213])

[214] (./zh/run/ww3_outp_zh.tex
Underfull \hbox (badness 1360) in paragraph at lines 5--14
[] [] [] [] []
 []

)

[215] (./zh/run/ww3_ounp_zh.tex
Underfull \hbox (badness 1360) in paragraph at lines 5--12
[] [] [] [] []
 []


Underfull \hbox (badness 1360) in paragraph at lines 5--12
[] [] [] [] []
 []

)

[216] (./zh/run/gx_outp_zh.tex
Underfull \hbox (badness 1360) in paragraph at lines 5--13
[] [] [] [] []
 []

)

[217] (./zh/run/ww3_trck_zh.tex
Underfull \hbox (badness 1360) in paragraph at lines 5--10
[] [] [] [] []
 []

)

[218] (./zh/run/ww3_trnc_zh.tex
Underfull \hbox (badness 1360) in paragraph at lines 5--11
[] [] [] [] []
 []


Underfull \hbox (badness 1360) in paragraph at lines 5--11
[] [] [] [] []
 []

)

[219] (./zh/run/ww3_systrk_zh.tex
Overfull \hbox (3.54413pt too wide) in paragraph at lines 5--5
[]\TU/lmss/m/n/12 ww3_systrk.ftn 
 []


Overfull \hbox (1.01709pt too wide) in paragraph at lines 8--8
[]\TU/lmss/m/n/12 sys_restart.ww3$[][]$ 
 []


Overfull \hbox (2.14702pt too wide) in paragraph at lines 17--17
[]\TU/lmss/m/n/12 sys_restart1.ww3 
 []


Underfull \hbox (badness 1360) in paragraph at lines 5--19
[] [] [] [] []
 []


Underfull \vbox (badness 10000) has occurred while \output is active []



[220])

[221] (./zh/run/ww3_uprstr_zh.tex
Overfull \hbox (3.68813pt too wide) in paragraph at lines 5--5
[]\TU/lmss/m/n/12 ww3_uprstr.ftn 
 []


Underfull \hbox (badness 1360) in paragraph at lines 5--11
[] [] [] [] []
 []



[222]
Underfull \hbox (badness 10000) in paragraph at lines 37--38

 []


Underfull \hbox (badness 10000) in paragraph at lines 42--43

 []


Underfull \hbox (badness 10000) in paragraph at lines 44--54

 []



[223]
Underfull \hbox (badness 6063) in paragraph at lines 54--59
\TU/FandolSong-Regular(0)/m/n/12 如 果 所 有 输 入 都 准 备 正 确，|  将 创 建 新 的 重 启 动 文 件
 []


Overfull \hbox (44.624pt too wide) in paragraph at lines 62--72
[] 
 []

File: ./run/uprstr.eps Graphic file (type eps)
<./run/uprstr.eps>


[224]
Underfull \hbox (badness 10000) in paragraph at lines 101--102

 []



[225]

[226]
File: ./run/waveDA.eps Graphic file (type eps)
<./run/waveDA.eps>

Underfull \hbox (badness 10000) in paragraph at lines 114--115

 []


Overfull \hbox (14.624pt too wide) in paragraph at lines 116--123
[] 
 []

)

[227]

[228]

LaTeX Warning: Float too large for page by 248.98581pt on input line 77.



[229]

[230])
\openout2 = `zh/impl_zh.aux'.

 (./zh/impl_zh.tex (./zh/impl/intro_zh.tex) (./zh/impl/install_zh.tex

[231




]
Underfull \hbox (badness 10000) in paragraph at lines 28--29
[]\TU/FandolSong-Regular(0)/m/n/12 设 置 \TU/lmr/m/n/12 WAVEWATCH III \TU/FandolS
ong-Regular(0)/m/n/12 的 第 二 步 是 运 行 脚 本
 []


Underfull \hbox (badness 1087) in paragraph at lines 28--29
\TU/lmss/m/n/12 /model/bin/ww3_from_ftp.sh\TU/FandolSong-Regular(0)/m/n/12 ，|  
以 获 取 未 存 储 在 \TU/lmr/m/n/12 git \TU/FandolSong-Regular(0)/m/n/12 仓 库 中 的 二 进 制
 文
 []



[232]

[233]

[234]
Underfull \hbox (badness 1859) in paragraph at lines 100--101
[]\TU/FandolSong-Regular(0)/m/n/12 用 户 或 开 发 者 提 供 的 预 处 理 器 开 关 示 例  |（\TU/lmr
/m/n/12 Sec-
 []



[235]
Underfull \hbox (badness 1147) in paragraph at lines 133--134
[]\TU/FandolSong-Regular(0)/m/n/12 为 任 意 \TU/lmr/m/n/12 WAVEWATCH III \TU/Fando
lSong-Regular(0)/m/n/12 程 序 元 素 生 成 真 正
 []



[236])

[237] (./zh/impl/compile_zh.tex

[238]

[239]

[240] (./zh/impl/fig_make_zh.tex)

[241]
Underfull \hbox (badness 1163) in paragraph at lines 74--75
\TU/FandolSong-Regular(0)/m/n/12 完 成 适 当 修 改 或 复 制 入 适 当 示 例 脚 本 之 后，|  即 可 编 译
 并 链 接 \TU/lmr/m/n/12 WAVE-
 []



[242]) (./zh/impl/switch_zh.tex

[243]

[244]
Underfull \hbox (badness 1067) in paragraph at lines 64--65
[][][]\TU/lmr/m/n/12 Tolman and Chalikov[][] ([][]1996[][]) \TU/FandolSong-Regu
lar(0)/m/n/12 源 项 包。|  另 见 可 选 开 关
 []



[245]

[246]

[247]

[248]
Underfull \hbox (badness 10000) in paragraph at lines 221--222
\TU/FandolSong-Regular(0)/m/n/12 注 意，|  这 些 开 关 只 能 以 特 定 组 合 使 用，|  模 式 安 装 脚 
本  |（特 别 是
 []


Underfull \hbox (badness 3098) in paragraph at lines 221--222
\TU/lmss/m/n/12 make_makefile.sh\TU/FandolSong-Regular(0)/m/n/12 ）|  会 强 制 执 行 
这 一 点。|  纯 \TU/lmr/m/n/12 MPI \TU/FandolSong-Regular(0)/m/n/12 方 法 需 要 \TU/lmr/
m/sc/12 dist \TU/FandolSong-Regular(0)/m/n/12 和
 []



[249]
Underfull \hbox (badness 1005) in paragraph at lines 255--256
[]\TU/FandolSong-Regular(0)/m/n/12 通 过 激 活 对 子 程 序 \TU/lmr/m/sc/12 strace \TU/F
andolSong-Regular(0)/m/n/12 的 调 用，|  在 主 要 \TU/lmr/m/n/12 WAVE-
 []


Underfull \vbox (badness 10000) has occurred while \output is active []



[250]) (./zh/impl/modify_zh.tex
Underfull \vbox (badness 10000) has occurred while \output is active []



[251]

[252]) (./zh/impl/test_it_zh.tex

[253]

[254]

[255]
Underfull \hbox (badness 1888) in paragraph at lines 53--54
[]\TU/FandolSong-Regular(0)/m/n/12 全 球 非 结 构 网 格  |（周 期 性 和 障 碍 物） ；|  使 用
 []


Underfull \vbox (badness 10000) has occurred while \output is active []



[256]
Underfull \hbox (badness 10000) in paragraph at lines 78--79
[]\TU/FandolSong-Regular(0)/m/n/12 全 球 \TU/lmr/m/n/12 1 \TU/FandolSong-Regular(
0)/m/n/12 度 网 格 测 试，|  使 用
 []


Underfull \hbox (badness 10000) in paragraph at lines 78--79
\TU/lmr/m/n/12 ww3_multi/ww3_multi_esmf\TU/FandolSong-Regular(0)/m/n/12 ；|  风\T
U/lmr/m/n/12 /\TU/FandolSong-Regular(0)/m/n/12 流\TU/lmr/m/n/12 /\TU/FandolSong-
Regular(0)/m/n/12 冰 输 入；|
 []


Underfull \hbox (badness 6510) in paragraph at lines 78--79
\TU/FandolSong-Regular(0)/m/n/12 使 用 \TU/lmr/m/n/12 ww3_gint \TU/FandolSong-Reg
ular(0)/m/n/12 进 行 网 格 整 合；| \TU/lmr/m/n/12 grib2 \TU/FandolSong-Regular(0)/m/n
/12 输 出
 []


Underfull \hbox (badness 10000) in paragraph at lines 79--80
[]\TU/lmr/m/n/12 GFSv16 \TU/FandolSong-Regular(0)/m/n/12 设 置 测 试，|  使 用
 []


Underfull \hbox (badness 10000) in paragraph at lines 79--80
\TU/lmr/m/n/12 ww3_multi/ww3_multi_esmf\TU/FandolSong-Regular(0)/m/n/12 ；|  风\T
U/lmr/m/n/12 /\TU/FandolSong-Regular(0)/m/n/12 流\TU/lmr/m/n/12 /\TU/FandolSong-
Regular(0)/m/n/12 冰 输 入；|
 []


Underfull \hbox (badness 6510) in paragraph at lines 79--80
\TU/FandolSong-Regular(0)/m/n/12 使 用 \TU/lmr/m/n/12 ww3_gint \TU/FandolSong-Reg
ular(0)/m/n/12 进 行 网 格 整 合；| \TU/lmr/m/n/12 grib2 \TU/FandolSong-Regular(0)/m/n
/12 输 出
 []



[257]
Underfull \hbox (badness 6910) in paragraph at lines 96--97
[]\TU/FandolSong-Regular(0)/m/n/12 比 较 测 试 案 例 内 部 和 测 试 案 例 之 间 的 开 关。|
 []



[258] (./zh/impl/fig_runtest_zh.tex)))

[259]
\openout2 = `zh/sys_zh.aux'.

 (./zh/sys_zh.tex (./zh/sys/w3adc_zh.tex

[260



]

[261] (./zh/sys/fig_ad3_zh.tex)) (./zh/sys/files_zh.tex

[262]) (./zh/sys/files_w3_zh.tex

[263]

[264]

[265]

[266]

[267]

[268]

[269]

[270]

[271]

[272]

[273]

[274]

[275]

[276]

[277]

[278]

[279] (./zh/sys/fig_w3init_zh.tex) (./zh/sys/fig_w3wave_zh.tex))

[280]

[281] (./zh/sys/files_wm_zh.tex

[282]

[283]) (./zh/sys/das_zh.tex) (./zh/sys/sup_zh.tex

[284]

[285]
Overfull \hbox (13.78955pt too wide) in paragraph at lines 98--98
[]
 []


Underfull \hbox (badness 10000) in paragraph at lines 98--98

 []



[286]

[287]) (./zh/sys/optim_zh.tex)

[288] (./zh/sys/store_zh.tex) (./zh/sys/store_grid_zh.tex
(./zh/sys/fig_grd1_zh.tex)

[289] (./zh/sys/fig_grd2_zh.tex)
Underfull \vbox (badness 1024) has occurred while \output is active []



[290]
Underfull \vbox (badness 10000) has occurred while \output is active []



[291] (./zh/sys/fig_grd3_zh.tex)

[292]
Underfull \vbox (badness 10000) has occurred while \output is active []



[293]) (./zh/sys/store_MPI_zh.tex

[294] (./zh/sys/fig_transpose_zh.tex)
Underfull \vbox (badness 1024) has occurred while \output is active []



[295]

[296]) (./zh/sys/store_multi_zh.tex

[297] (./zh/sys/fig_struc1_zh.tex) (./zh/sys/fig_struc2_zh.tex))
(./zh/sys/vars_zh.tex) (./zh/sys/modules_zh.tex

[298]

[299]

[300]

[301]

[302]
Underfull \hbox (badness 10000) in paragraph at lines 162--163

 []



[303]

[304]) (./zh/sys/structures_zh.tex)

[305])

[306] (./manual_zh.bbl

[307


]

[308]

[309]

[310]

[311]

[312]

[313]

LaTeX Warning: Command \textregistered invalid in math mode on input line 352.



[314]

[315]

[316]

[317]

[318]

[319]

[320]

[321]

[322]

[323]

[324]

[325]

[326]

[327]

[328]

[329]

[330]

[331]

LaTeX Warning: Command \textregistered invalid in math mode on input line 1158.




[332]
Underfull \hbox (badness 1014) in paragraph at lines 1218--1223
[]\TU/lmr/m/n/12 Rogers, W. E., J. Yu, and D. W. Wang (2021a), Incorporating de
-
 []


Underfull \hbox (badness 1248) in paragraph at lines 1218--1223
\TU/lmr/m/n/12 pendencies on ice thickness in empirical parameterizations of wa
ve
 []


Underfull \hbox (badness 3229) in paragraph at lines 1218--1223
\TU/lmr/m/n/12 dissipation by sea ice, \TU/lmr/m/it/12 NRL Technical Report NRL
/OT/7320-21-
 []



[333]

[334]

[335]

[336]
Underfull \hbox (badness 1275) in paragraph at lines 1372--1376
[]\TU/lmr/m/n/12 SWAN team (2023), \TU/lmr/m/it/12 SWAN Cycle III version 41.45
A User Manual\TU/lmr/m/n/12 ,
 []


Underfull \hbox (badness 2486) in paragraph at lines 1372--1376
\TU/lmr/m/n/12 Delft University of Technology, Faculty of Civil Engineering and

 []



[337]
Underfull \hbox (badness 2080) in paragraph at lines 1437--1440
[]\TU/lmr/m/n/12 Tolman, H. L. (2002d), Testing of WAVEWATCH III version 2.22
 []


Underfull \hbox (badness 5302) in paragraph at lines 1437--1440
\TU/lmr/m/n/12 in NCEP’s NWW3 ocean wave model suite, \TU/lmr/m/it/12 Tech. Not
e 214\TU/lmr/m/n/12 ,
 []



[338]
Underfull \hbox (badness 6842) in paragraph at lines 1460--1463
[]\TU/lmr/m/n/12 Tolman, H. L. (2004), Inverse modeling of Discrete Interaction

 []



[339]
Underfull \hbox (badness 1077) in paragraph at lines 1504--1507
\TU/lmr/m/n/12 for wind waves. Part 4: Parameter optimization, \TU/lmr/m/it/12 
Tech. Note 288\TU/lmr/m/n/12 ,
 []


Underfull \hbox (badness 1210) in paragraph at lines 1509--1513
\TU/lmr/m/n/12 Multiple DIA in WAVEWATCH III $[]$, \TU/lmr/m/it/12 Tech. Note 2
89, Ver. 1.0\TU/lmr/m/n/12 ,
 []


Underfull \hbox (badness 1603) in paragraph at lines 1526--1530
[]\TU/lmr/m/n/12 Tolman, H. L. (2013a), A Generalized Multiple Discrete Interac
tion
 []


Underfull \hbox (badness 1210) in paragraph at lines 1543--1547
\TU/lmr/m/n/12 Multiple DIA in WAVEWATCH III $[]$, \TU/lmr/m/it/12 Tech. Note 2
89, Ver. 1.4\TU/lmr/m/n/12 ,
 []



[340]

[341]

[342]

[343]

[344])

[345]

[346]

[347]
\openout2 = `zh/app/tstep_zh.aux'.

 (./zh/app/tstep_zh.tex

[1

]
Underfull \vbox (badness 1024) has occurred while \output is active []



[2]

[3])

[4]
\openout2 = `zh/app/nest_zh.aux'.

 (./zh/app/nest_zh.tex
\c@nestlist=\count331


[1



]

[2]

[3])

[4]
\openout2 = `zh/app/mpi_zh.aux'.

 (./zh/app/mpi_zh.tex

[1



]

LaTeX Warning: Float too large for page by 164.89325pt on input line 89.



[2]

[3]

[4]
Underfull \hbox (badness 10000) in paragraph at lines 179--187
[]\TU/FandolSong-Regular(0)/m/n/12 特 定 \TU/lmr/m/n/12 MPI \TU/FandolSong-Regula
r(0)/m/n/12 实 现 的 $\OML/cmm/m/it/12 MPI[]TAG[]UB$ \TU/FandolSong-Regular(0)/m/n
/12 值 可 在 运 行 时 使 用
 []


Underfull \hbox (badness 8113) in paragraph at lines 179--187
\OML/cmm/m/it/12 MPI[]COMM[]GET[]ATTR$ \TU/FandolSong-Regular(0)/m/n/12 例 程 获 得
。| \TU/lmr/m/n/12 MPI \TU/FandolSong-Regular(0)/m/n/12 实 现 可 以 自 由 地 将
 []



[5])

[6]
\openout2 = `zh/app/scrip_zh.aux'.

 (./zh/app/scrip_zh.tex

[1



]

[2]
Underfull \hbox (badness 2189) in paragraph at lines 93--109
\TU/FandolSong-Regular(0)/m/n/12 的 内 容 并 不 重 要；|  它 可 以 是 空 文 件。|  使 用 该 功 能 时，
|  重 映 射 操 作 会
 []



[3]

[4])

[5]
\openout2 = `zh/app/oasis_zh.aux'.

 (./zh/app/oasis_zh.tex
Underfull \hbox (badness 10000) in paragraph at lines 10--18

 []



[1



]
Underfull \hbox (badness 10000) in paragraph at lines 56--60
[]\TU/FandolSong-Regular(0)/m/n/12 开 关 \TU/lmtt/m/n/12 OASACM \TU/FandolSong-Re
gular(0)/m/n/12 和\TU/lmr/m/n/12 /\TU/FandolSong-Regular(0)/m/n/12 或 \TU/lmtt/m/
n/12 OASOCM \TU/FandolSong-Regular(0)/m/n/12 和\TU/lmr/m/n/12 /\TU/FandolSong-Re
gular(0)/m/n/12 或 \TU/lmtt/m/n/12 OASICM\TU/FandolSong-Regular(0)/m/n/12 ，|  用 
于 向\TU/lmr/m/n/12 /\TU/FandolSong-Regular(0)/m/n/12 从 大 气 模
 []


Underfull \hbox (badness 1577) in paragraph at lines 56--60
\TU/FandolSong-Regular(0)/m/n/12 式 \TU/lmss/m/n/12 w3agcmmd.ftn \TU/FandolSong-
Regular(0)/m/n/12 和\TU/lmr/m/n/12 /\TU/FandolSong-Regular(0)/m/n/12 或 海 洋 模 式 \
TU/lmss/m/n/12 w3ogcmmd.ftn \TU/FandolSong-Regular(0)/m/n/12 和\TU/lmr/m/n/12 /\
TU/FandolSong-Regular(0)/m/n/12 或 海 冰 模 式
 []



[2]
Underfull \hbox (badness 10000) in paragraph at lines 71--72

 []


Underfull \hbox (badness 10000) in paragraph at lines 91--92
[]\TU/lmtt/m/n/12 mpirun -np $nbre_cores_WW3 exe_WW3 : -np $nbre_cores_OA
 []



[3])

[4]
\openout2 = `zh/app/nuopc_zh.aux'.

 (./zh/app/nuopc_zh.tex

[1



]

[2]
Underfull \hbox (badness 10000) in paragraph at lines 70--73
[]\TU/FandolSong-Regular(0)/m/n/12 所 需 的 \TU/lmr/m/n/12 WAVEWATCH III \TU/Fando
lSong-Regular(0)/m/n/12 输 入 文 件 是 \TU/lmr/m/n/12 ww3_multi.inp \TU/FandolSong-R
egular(0)/m/n/12 或
 []

)
Underfull \hbox (badness 10000) in paragraph at lines 85--89
[]\TU/FandolSong-Regular(0)/m/n/12 该 \TU/lmr/m/n/12 cap \TU/FandolSong-Regular(
0)/m/n/12 设 计 为 用 于 耦 合 系 统，|  这 超 出 了 本 文 档 的 范 围。|
 []


Underfull \hbox (badness 10000) in paragraph at lines 85--89
\TU/lmtt/m/n/12 regtest/run_esmf_test_suite \TU/FandolSong-Regular(0)/m/n/12 脚 
本 提 供 了 一 个 运 行 独 立 \TU/lmr/m/n/12 WAVE-
 []



[3]
\openout2 = `zh/app/config_zh.aux'.

 (./zh/app/config_zh.tex

[1



]

[2]

[3]

[4]

[5]
Underfull \vbox (badness 10000) has occurred while \output is active []



[6]

[7]

[8])

[9] (./manual_zh.aux (./zh/start_zh.aux) (./zh/intro_zh.aux) (./zh/eqs_zh.aux)
(./zh/num_zh.aux) (./zh/run_zh.aux) (./zh/impl_zh.aux) (./zh/sys_zh.aux)
(./zh/app/tstep_zh.aux) (./zh/app/nest_zh.aux) (./zh/app/mpi_zh.aux)
(./zh/app/scrip_zh.aux) (./zh/app/oasis_zh.aux) (./zh/app/nuopc_zh.aux)
(./zh/app/config_zh.aux))
 ***********
LaTeX2e <2024-11-01> patch level 2
L3 programming layer <2022/07/14>
 ***********


LaTeX Font Warning: Some font shapes were not available, defaults substituted.


LaTeX Warning: There were multiply-defined labels.

Package rerunfilecheck Info: File `manual_zh.out' has not changed.
(rerunfilecheck)             Checksum: EA24FD4A500D51CDBCEEE796975B0459;31756.
 ) 
Here is how much of TeX's memory you used:
 23420 strings out of 473832
 517775 string characters out of 5729480
 974075 words of memory out of 5000000
 45595 multiletter control sequences out of 15000+600000
 573584 words of font info for 154 fonts, out of 8000000 for 9000
 1354 hyphenation exceptions out of 8191
 93i,15n,112p,1075b,1191s stack positions out of 10000i,1000n,20000p,200000b,200000s

Output written on manual_zh.pdf (395 pages).
